../Core/Src/main.c:159:5:__io_putchar	1
../Core/Src/main.c:164:13:debugPrintf	2
../Core/Src/main.c:179:13:handleTelecommand	12
../Core/Src/main.c:236:5:main	1
../Core/Src/main.c:352:6:SystemClock_Config	4
../Core/Src/main.c:397:13:MX_I2C1_Init	4
../Core/Src/main.c:445:13:MX_USART1_UART_Init	2
../Core/Src/main.c:480:13:MX_USART2_UART_Init	2
../Core/Src/main.c:515:13:MX_USART3_UART_Init	2
../Core/Src/main.c:550:13:MX_GPIO_Init	1
../Core/Src/main.c:568:6:initializeEverything	1
../Core/Src/main.c:574:6:HAL_UART_RxCpltCallback	3
../Core/Src/main.c:594:6:HAL_UART_ErrorCallback	3
../Core/Src/main.c:624:6:StartMainTask	12
../Core/Src/main.c:704:6:StartHousekeepTask	2
../Core/Src/main.c:746:6:StartTransmitTask	1
../Core/Src/main.c:777:6:StartReceiveTask	7
../Core/Src/main.c:834:6:StartDeployTask	1
../Core/Src/main.c:858:6:StartDetumblingTask	1
../Core/Src/main.c:882:6:StartMissionTask	1
../Core/Src/main.c:900:6:vHkTickCallback	1
../Core/Src/main.c:915:6:HAL_TIM_PeriodElapsedCallback	2
../Core/Src/main.c:933:6:Error_Handler	1
