Archive member included to satisfy reference by file (symbol)

/home/davi/st/stm32cubeide_2.1.1/plugins/com.st.stm32cube.ide.mcu.externaltools.gnu-tools-for-stm32.14.3.rel1.linux64_1.0.100.202602081740/tools/bin/../lib/gcc/arm-none-eabi/14.3.1/../../../../arm-none-eabi/lib/thumb/v7e-m+fp/hard/libc_nano.a(libc_a-exit.o)
                              /home/davi/st/stm32cubeide_2.1.1/plugins/com.st.stm32cube.ide.mcu.externaltools.gnu-tools-for-stm32.14.3.rel1.linux64_1.0.100.202602081740/tools/bin/../lib/gcc/arm-none-eabi/14.3.1/../../../../arm-none-eabi/lib/thumb/v7e-m+fp/hard/crt0.o (exit)
/home/davi/st/stm32cubeide_2.1.1/plugins/com.st.stm32cube.ide.mcu.externaltools.gnu-tools-for-stm32.14.3.rel1.linux64_1.0.100.202602081740/tools/bin/../lib/gcc/arm-none-eabi/14.3.1/../../../../arm-none-eabi/lib/thumb/v7e-m+fp/hard/libc_nano.a(libc_a-findfp.o)
                              ./Middlewares/Third_Party/FreeRTOS/Source/tasks.o (__sf)
/home/davi/st/stm32cubeide_2.1.1/plugins/com.st.stm32cube.ide.mcu.externaltools.gnu-tools-for-stm32.14.3.rel1.linux64_1.0.100.202602081740/tools/bin/../lib/gcc/arm-none-eabi/14.3.1/../../../../arm-none-eabi/lib/thumb/v7e-m+fp/hard/libc_nano.a(libc_a-fwalk.o)
                              /home/davi/st/stm32cubeide_2.1.1/plugins/com.st.stm32cube.ide.mcu.externaltools.gnu-tools-for-stm32.14.3.rel1.linux64_1.0.100.202602081740/tools/bin/../lib/gcc/arm-none-eabi/14.3.1/../../../../arm-none-eabi/lib/thumb/v7e-m+fp/hard/libc_nano.a(libc_a-findfp.o) (_fwalk_sglue)
/home/davi/st/stm32cubeide_2.1.1/plugins/com.st.stm32cube.ide.mcu.externaltools.gnu-tools-for-stm32.14.3.rel1.linux64_1.0.100.202602081740/tools/bin/../lib/gcc/arm-none-eabi/14.3.1/../../../../arm-none-eabi/lib/thumb/v7e-m+fp/hard/libc_nano.a(libc_a-printf.o)
                              ./Core/Src/main.o (printf)
/home/davi/st/stm32cubeide_2.1.1/plugins/com.st.stm32cube.ide.mcu.externaltools.gnu-tools-for-stm32.14.3.rel1.linux64_1.0.100.202602081740/tools/bin/../lib/gcc/arm-none-eabi/14.3.1/../../../../arm-none-eabi/lib/thumb/v7e-m+fp/hard/libc_nano.a(libc_a-stdio.o)
                              /home/davi/st/stm32cubeide_2.1.1/plugins/com.st.stm32cube.ide.mcu.externaltools.gnu-tools-for-stm32.14.3.rel1.linux64_1.0.100.202602081740/tools/bin/../lib/gcc/arm-none-eabi/14.3.1/../../../../arm-none-eabi/lib/thumb/v7e-m+fp/hard/libc_nano.a(libc_a-findfp.o) (__sread)
/home/davi/st/stm32cubeide_2.1.1/plugins/com.st.stm32cube.ide.mcu.externaltools.gnu-tools-for-stm32.14.3.rel1.linux64_1.0.100.202602081740/tools/bin/../lib/gcc/arm-none-eabi/14.3.1/../../../../arm-none-eabi/lib/thumb/v7e-m+fp/hard/libc_nano.a(libc_a-memset.o)
                              /home/davi/st/stm32cubeide_2.1.1/plugins/com.st.stm32cube.ide.mcu.externaltools.gnu-tools-for-stm32.14.3.rel1.linux64_1.0.100.202602081740/tools/bin/../lib/gcc/arm-none-eabi/14.3.1/../../../../arm-none-eabi/lib/thumb/v7e-m+fp/hard/crt0.o (memset)
/home/davi/st/stm32cubeide_2.1.1/plugins/com.st.stm32cube.ide.mcu.externaltools.gnu-tools-for-stm32.14.3.rel1.linux64_1.0.100.202602081740/tools/bin/../lib/gcc/arm-none-eabi/14.3.1/../../../../arm-none-eabi/lib/thumb/v7e-m+fp/hard/libc_nano.a(libc_a-closer.o)
                              /home/davi/st/stm32cubeide_2.1.1/plugins/com.st.stm32cube.ide.mcu.externaltools.gnu-tools-for-stm32.14.3.rel1.linux64_1.0.100.202602081740/tools/bin/../lib/gcc/arm-none-eabi/14.3.1/../../../../arm-none-eabi/lib/thumb/v7e-m+fp/hard/libc_nano.a(libc_a-stdio.o) (_close_r)
/home/davi/st/stm32cubeide_2.1.1/plugins/com.st.stm32cube.ide.mcu.externaltools.gnu-tools-for-stm32.14.3.rel1.linux64_1.0.100.202602081740/tools/bin/../lib/gcc/arm-none-eabi/14.3.1/../../../../arm-none-eabi/lib/thumb/v7e-m+fp/hard/libc_nano.a(libc_a-reent.o)
                              ./Middlewares/Third_Party/FreeRTOS/Source/tasks.o (_reclaim_reent)
/home/davi/st/stm32cubeide_2.1.1/plugins/com.st.stm32cube.ide.mcu.externaltools.gnu-tools-for-stm32.14.3.rel1.linux64_1.0.100.202602081740/tools/bin/../lib/gcc/arm-none-eabi/14.3.1/../../../../arm-none-eabi/lib/thumb/v7e-m+fp/hard/libc_nano.a(libc_a-impure.o)
                              ./Middlewares/Third_Party/FreeRTOS/Source/tasks.o (_impure_ptr)
/home/davi/st/stm32cubeide_2.1.1/plugins/com.st.stm32cube.ide.mcu.externaltools.gnu-tools-for-stm32.14.3.rel1.linux64_1.0.100.202602081740/tools/bin/../lib/gcc/arm-none-eabi/14.3.1/../../../../arm-none-eabi/lib/thumb/v7e-m+fp/hard/libc_nano.a(libc_a-lseekr.o)
                              /home/davi/st/stm32cubeide_2.1.1/plugins/com.st.stm32cube.ide.mcu.externaltools.gnu-tools-for-stm32.14.3.rel1.linux64_1.0.100.202602081740/tools/bin/../lib/gcc/arm-none-eabi/14.3.1/../../../../arm-none-eabi/lib/thumb/v7e-m+fp/hard/libc_nano.a(libc_a-stdio.o) (_lseek_r)
[...]
Memory Configuration

Name             Origin             Length             Attributes
RAM              0x20000000         0x00018000         xrw
RAM2             0x10000000         0x00008000         xrw
FLASH            0x08000000         0x00100000         xr
*default*        0x00000000         0xffffffff

Linker script and memory map

LOAD /home/davi/st/stm32cubeide_2.1.1/plugins/com.st.stm32cube.ide.mcu.externaltools.gnu-tools-for-stm32.14.3.rel1.linux64_1.0.100.202602081740/tools/bin/../lib/gcc/arm-none-eabi/14.3.1/thumb/v7e-m+fp/hard/crti.o
LOAD /home/davi/st/stm32cubeide_2.1.1/plugins/com.st.stm32cube.ide.mcu.externaltools.gnu-tools-for-stm32.14.3.rel1.linux64_1.0.100.202602081740/tools/bin/../lib/gcc/arm-none-eabi/14.3.1/thumb/v7e-m+fp/hard/crtbegin.o
LOAD /home/davi/st/stm32cubeide_2.1.1/plugins/com.st.stm32cube.ide.mcu.externaltools.gnu-tools-for-stm32.14.3.rel1.linux64_1.0.100.202602081740/tools/bin/../lib/gcc/arm-none-eabi/14.3.1/../../../../arm-none-eabi/lib/thumb/v7e-m+fp/hard/crt0.o
LOAD ./Core/Src/BME280.o
LOAD ./Core/Src/DS3231.o
LOAD ./Core/Src/freertos.o
LOAD ./Core/Src/main.o
LOAD ./Core/Src/stm32l4xx_hal_msp.o
LOAD ./Core/Src/stm32l4xx_hal_timebase_tim.o
LOAD ./Core/Src/stm32l4xx_it.o
LOAD ./Core/Src/syscalls.o
LOAD ./Core/Src/sysmem.o
LOAD ./Core/Src/system_stm32l4xx.o
LOAD ./Core/Startup/startup_stm32l476rgtx.o
LOAD ./Drivers/STM32L4xx_HAL_Driver/Src/stm32l4xx_hal.o
LOAD ./Drivers/STM32L4xx_HAL_Driver/Src/stm32l4xx_hal_cortex.o
LOAD ./Drivers/STM32L4xx_HAL_Driver/Src/stm32l4xx_hal_dma.o
LOAD ./Drivers/STM32L4xx_HAL_Driver/Src/stm32l4xx_hal_dma_ex.o
LOAD ./Drivers/STM32L4xx_HAL_Driver/Src/stm32l4xx_hal_exti.o
LOAD ./Drivers/STM32L4xx_HAL_Driver/Src/stm32l4xx_hal_flash.o
LOAD ./Drivers/STM32L4xx_HAL_Driver/Src/stm32l4xx_hal_flash_ex.o
LOAD ./Drivers/STM32L4xx_HAL_Driver/Src/stm32l4xx_hal_flash_ramfunc.o
LOAD ./Drivers/STM32L4xx_HAL_Driver/Src/stm32l4xx_hal_gpio.o
LOAD ./Drivers/STM32L4xx_HAL_Driver/Src/stm32l4xx_hal_i2c.o
LOAD ./Drivers/STM32L4xx_HAL_Driver/Src/stm32l4xx_hal_i2c_ex.o
LOAD ./Drivers/STM32L4xx_HAL_Driver/Src/stm32l4xx_hal_pwr.o
LOAD ./Drivers/STM32L4xx_HAL_Driver/Src/stm32l4xx_hal_pwr_ex.o
LOAD ./Drivers/STM32L4xx_HAL_Driver/Src/stm32l4xx_hal_rcc.o
LOAD ./Drivers/STM32L4xx_HAL_Driver/Src/stm32l4xx_hal_rcc_ex.o
LOAD ./Drivers/STM32L4xx_HAL_Driver/Src/stm32l4xx_hal_tim.o
LOAD ./Drivers/STM32L4xx_HAL_Driver/Src/stm32l4xx_hal_tim_ex.o
LOAD ./Drivers/STM32L4xx_HAL_Driver/Src/stm32l4xx_hal_uart.o
LOAD ./Drivers/STM32L4xx_HAL_Driver/Src/stm32l4xx_hal_uart_ex.o
LOAD ./Middlewares/Third_Party/FreeRTOS/Source/CMSIS_RTOS_V2/cmsis_os2.o
LOAD ./Middlewares/Third_Party/FreeRTOS/Source/croutine.o
LOAD ./Middlewares/Third_Party/FreeRTOS/Source/event_groups.o
LOAD ./Middlewares/Third_Party/FreeRTOS/Source/list.o
LOAD ./Middlewares/Third_Party/FreeRTOS/Source/queue.o
LOAD ./Middlewares/Third_Party/FreeRTOS/Source/stream_buffer.o
LOAD ./Middlewares/Third_Party/FreeRTOS/Source/tasks.o
LOAD ./Middlewares/Third_Party/FreeRTOS/Source/timers.o
LOAD ./Middlewares/Third_Party/FreeRTOS/Source/portable/GCC/ARM_CM4F/port.o
LOAD ./Middlewares/Third_Party/FreeRTOS/Source/portable/MemMang/heap_4.o
START GROUP
LOAD /home/davi/st/stm32cubeide_2.1.1/plugins/com.st.stm32cube.ide.mcu.externaltools.gnu-tools-for-stm32.14.3.rel1.linux64_1.0.100.202602081740/tools/bin/../lib/gcc/arm-none-eabi/14.3.1/../../../../arm-none-eabi/lib/thumb/v7e-m+fp/hard/libc_nano.a
LOAD /home/davi/st/stm32cubeide_2.1.1/plugins/com.st.stm32cube.ide.mcu.externaltools.gnu-tools-for-stm32.14.3.rel1.linux64_1.0.100.202602081740/tools/bin/../lib/gcc/arm-none-eabi/14.3.1/../../../../arm-none-eabi/lib/thumb/v7e-m+fp/hard/libm.a
END GROUP
START GROUP
LOAD /home/davi/st/stm32cubeide_2.1.1/plugins/com.st.stm32cube.ide.mcu.externaltools.gnu-tools-for-stm32.14.3.rel1.linux64_1.0.100.202602081740/tools/bin/../lib/gcc/arm-none-eabi/14.3.1/thumb/v7e-m+fp/hard/libgcc.a
LOAD /home/davi/st/stm32cubeide_2.1.1/plugins/com.st.stm32cube.ide.mcu.externaltools.gnu-tools-for-stm32.14.3.rel1.linux64_1.0.100.202602081740/tools/bin/../lib/gcc/arm-none-eabi/14.3.1/../../../../arm-none-eabi/lib/thumb/v7e-m+fp/hard/libc_nano.a
END GROUP
START GROUP
LOAD /home/davi/st/stm32cubeide_2.1.1/plugins/com.st.stm32cube.ide.mcu.externaltools.gnu-tools-for-stm32.14.3.rel1.linux64_1.0.100.202602081740/tools/bin/../lib/gcc/arm-none-eabi/14.3.1/thumb/v7e-m+fp/hard/libgcc.a
LOAD /home/davi/st/stm32cubeide_2.1.1/plugins/com.st.stm32cube.ide.mcu.externaltools.gnu-tools-for-stm32.14.3.rel1.linux64_1.0.100.202602081740/tools/bin/../lib/gcc/arm-none-eabi/14.3.1/../../../../arm-none-eabi/lib/thumb/v7e-m+fp/hard/libc_nano.a
LOAD /home/davi/st/stm32cubeide_2.1.1/plugins/com.st.stm32cube.ide.mcu.externaltools.gnu-tools-for-stm32.14.3.rel1.linux64_1.0.100.202602081740/tools/bin/../lib/gcc/arm-none-eabi/14.3.1/../../../../arm-none-eabi/lib/thumb/v7e-m+fp/hard/libnosys.a
END GROUP
START GROUP
LOAD /home/davi/st/stm32cubeide_2.1.1/plugins/com.st.stm32cube.ide.mcu.externaltools.gnu-tools-for-stm32.14.3.rel1.linux64_1.0.100.202602081740/tools/bin/../lib/gcc/arm-none-eabi/14.3.1/thumb/v7e-m+fp/hard/libgcc.a
LOAD /home/davi/st/stm32cubeide_2.1.1/plugins/com.st.stm32cube.ide.mcu.externaltools.gnu-tools-for-stm32.14.3.rel1.linux64_1.0.100.202602081740/tools/bin/../lib/gcc/arm-none-eabi/14.3.1/../../../../arm-none-eabi/lib/thumb/v7e-m+fp/hard/libc_nano.a
LOAD /home/davi/st/stm32cubeide_2.1.1/plugins/com.st.stm32cube.ide.mcu.externaltools.gnu-tools-for-stm32.14.3.rel1.linux64_1.0.100.202602081740/tools/bin/../lib/gcc/arm-none-eabi/14.3.1/../../../../arm-none-eabi/lib/thumb/v7e-m+fp/hard/libnosys.a
END GROUP
LOAD /home/davi/st/stm32cubeide_2.1.1/plugins/com.st.stm32cube.ide.mcu.externaltools.gnu-tools-for-stm32.14.3.rel1.linux64_1.0.100.202602081740/tools/bin/../lib/gcc/arm-none-eabi/14.3.1/thumb/v7e-m+fp/hard/crtend.o
LOAD /home/davi/st/stm32cubeide_2.1.1/plugins/com.st.stm32cube.ide.mcu.externaltools.gnu-tools-for-stm32.14.3.rel1.linux64_1.0.100.202602081740/tools/bin/../lib/gcc/arm-none-eabi/14.3.1/thumb/v7e-m+fp/hard/crtn.o
                0x20018000                        _estack = (ORIGIN (RAM) + LENGTH (RAM))
                0x00000200                        _Min_Heap_Size = 0x200
                0x00000400                        _Min_Stack_Size = 0x400

.isr_vector     0x08000000      0x188
                0x08000000                        . = ALIGN (0x4)
 *(.isr_vector)
 .isr_vector    0x08000000      0x188 ./Core/Startup/startup_stm32l476rgtx.o
                0x08000000                g_pfnVectors
                0x08000188                        . = ALIGN (0x4)

.text           0x08000190     0xaf90
                0x08000190                        . = ALIGN (0x4)
 *(.text)
 .text          0x08000190       0x40 /home/davi/st/stm32cubeide_2.1.1/plugins/com.st.stm32cube.ide.mcu.externaltools.gnu-tools-for-stm32.14.3.rel1.linux64_1.0.100.202602081740/tools/bin/../lib/gcc/arm-none-eabi/14.3.1/thumb/v7e-m+fp/hard/crtbegin.o
 .text          0x080001d0       0xa0 /home/davi/st/stm32cubeide_2.1.1/plugins/com.st.stm32cube.ide.mcu.externaltools.gnu-tools-for-stm32.14.3.rel1.linux64_1.0.100.202602081740/tools/bin/../lib/gcc/arm-none-eabi/14.3.1/../../../../arm-none-eabi/lib/thumb/v7e-m+fp/hard/libc_nano.a(libc_a-memchr.o)
                0x080001d0                memchr
 .text          0x08000270       0xa0 /home/davi/st/stm32cubeide_2.1.1/plugins/com.st.stm32cube.ide.mcu.externaltools.gnu-tools-for-stm32.14.3.rel1.linux64_1.0.100.202602081740/tools/bin/../lib/gcc/arm-none-eabi/14.3.1/thumb/v7e-m+fp/hard/libgcc.a(_aeabi_ldivmod.o)
                0x08000270                __aeabi_ldivmod
 .text          0x08000310       0x30 /home/davi/st/stm32cubeide_2.1.1/plugins/com.st.stm32cube.ide.mcu.externaltools.gnu-tools-for-stm32.14.3.rel1.linux64_1.0.100.202602081740/tools/bin/../lib/gcc/arm-none-eabi/14.3.1/thumb/v7e-m+fp/hard/libgcc.a(_aeabi_uldivmod.o)
                0x08000310                __aeabi_uldivmod
 .text          0x08000340      0x2f8 /home/davi/st/stm32cubeide_2.1.1/plugins/com.st.stm32cube.ide.mcu.externaltools.gnu-tools-for-stm32.14.3.rel1.linux64_1.0.100.202602081740/tools/bin/../lib/gcc/arm-none-eabi/14.3.1/thumb/v7e-m+fp/hard/libgcc.a(_udivmoddi4.o)
                0x08000340                __udivmoddi4
 .text          0x08000638        0x4 /home/davi/st/stm32cubeide_2.1.1/plugins/com.st.stm32cube.ide.mcu.externaltools.gnu-tools-for-stm32.14.3.rel1.linux64_1.0.100.202602081740/tools/bin/../lib/gcc/arm-none-eabi/14.3.1/thumb/v7e-m+fp/hard/libgcc.a(_dvmd_tls.o)
                0x08000638                __aeabi_ldiv0
                0x08000638                __aeabi_idiv0
 *(.text*)
 .text.BME280_wireWriteRegister
                0x0800063c       0x40 ./Core/Src/BME280.o
 .text.BME280_wireReadRegister
                0x0800067c       0x58 ./Core/Src/BME280.o
 .text.BME280_readCalData
                0x080006d4      0x196 ./Core/Src/BME280.o
 .text.BME280_initDefault
                0x0800086a       0xce ./Core/Src/BME280.o
                0x0800086a                BME280_initDefault
 .text.BME280_compensateTemp
                0x08000938       0x72 ./Core/Src/BME280.o
 .text.BME280_compensatePssr
                0x080009aa      0x56a ./Core/Src/BME280.o
 .text.BME280_compensateHmdt
                0x08000f14       0xbe ./Core/Src/BME280.o
 *fill*         0x08000fd2        0x2 
 .text.BME280_setOversampling
                0x08000fd4       0xcc ./Core/Src/BME280.o
                0x08000fd4                BME280_setOversampling
 .text.BME280_readSingleShot
                0x080010a0       0x4e ./Core/Src/BME280.o
                0x080010a0                BME280_readSingleShot
 *fill*         0x080010ee        0x2 
 .text.BME280_read
                0x080010f0       0xc4 ./Core/Src/BME280.o
                0x080010f0                BME280_read
 .text.bcdToDec
                0x080011b4       0x34 ./Core/Src/DS3231.o
                0x080011b4                bcdToDec
 .text.decToBcd
                0x080011e8       0x54 ./Core/Src/DS3231.o
                0x080011e8                decToBcd
 .text.Set_Time
                0x0800123c       0xa0 ./Core/Src/DS3231.o
                0x0800123c                Set_Time
 .text.Get_Time
                0x080012dc       0xa8 ./Core/Src/DS3231.o
                0x080012dc                Get_Time
 .text.__io_putchar
                0x08001384       0x24 ./Core/Src/main.o
                0x08001384                __io_putchar
 .text.main     0x080013a8      0x188 ./Core/Src/main.o
                0x080013a8                main
 .text.SystemClock_Config
                0x08001530       0x8c ./Core/Src/main.o
                0x08001530                SystemClock_Config
 .text.MX_I2C1_Init
                0x080015bc       0x80 ./Core/Src/main.o
 .text.MX_USART2_UART_Init
                0x0800163c       0x60 ./Core/Src/main.o
 .text.MX_GPIO_Init
                0x0800169c       0x48 ./Core/Src/main.o
 .text.initializeEverything
                0x080016e4       0x50 ./Core/Src/main.o
                0x080016e4                initializeEverything
 .text.StartMainTask
                0x08001734      0x144 ./Core/Src/main.o
                0x08001734                StartMainTask
 .text.StartHousekeepTask
                0x08001878       0xe4 ./Core/Src/main.o
                0x08001878                StartHousekeepTask
 .text.StartTransmitTask
                0x0800195c       0x88 ./Core/Src/main.o
                0x0800195c                StartTransmitTask
 .text.StartReceiveTask
                0x080019e4       0xc8 ./Core/Src/main.o
                0x080019e4                StartReceiveTask
 .text.StartDeployTask
                0x08001aac       0x6c ./Core/Src/main.o
                0x08001aac                StartDeployTask
 .text.StartDetumblingTask
                0x08001b18       0x6c ./Core/Src/main.o
                0x08001b18                StartDetumblingTask
 .text.StartMissionTask
                0x08001b84       0x6c ./Core/Src/main.o
                0x08001b84                StartMissionTask
 .text.vHkTickCallback
                0x08001bf0       0x20 ./Core/Src/main.o
                0x08001bf0                vHkTickCallback
 .text.vTcSlotCallback
                0x08001c10       0x20 ./Core/Src/main.o
                0x08001c10                vTcSlotCallback
 .text.vTcSlotOffsetCallback
                0x08001c30       0x24 ./Core/Src/main.o
                0x08001c30                vTcSlotOffsetCallback
 .text.HAL_TIM_PeriodElapsedCallback
                0x08001c54       0x24 ./Core/Src/main.o
                0x08001c54                HAL_TIM_PeriodElapsedCallback
 .text.Error_Handler
                0x08001c78        0xc ./Core/Src/main.o
                0x08001c78                Error_Handler
 .text.HAL_MspInit
                0x08001c84       0x50 ./Core/Src/stm32l4xx_hal_msp.o
                0x08001c84                HAL_MspInit
 .text.HAL_I2C_MspInit
                0x08001cd4       0xbc ./Core/Src/stm32l4xx_hal_msp.o
                0x08001cd4                HAL_I2C_MspInit
 .text.HAL_UART_MspInit
                0x08001d90       0xb8 ./Core/Src/stm32l4xx_hal_msp.o
                0x08001d90                HAL_UART_MspInit
 .text.HAL_InitTick
                0x08001e48       0xf4 ./Core/Src/stm32l4xx_hal_timebase_tim.o
                0x08001e48                HAL_InitTick
 .text.NMI_Handler
                0x08001f3c        0x8 ./Core/Src/stm32l4xx_it.o
                0x08001f3c                NMI_Handler
 .text.HardFault_Handler
                0x08001f44        0x8 ./Core/Src/stm32l4xx_it.o
                0x08001f44                HardFault_Handler
 .text.MemManage_Handler
                0x08001f4c        0x8 ./Core/Src/stm32l4xx_it.o
                0x08001f4c                MemManage_Handler
 .text.BusFault_Handler
                0x08001f54        0x8 ./Core/Src/stm32l4xx_it.o
                0x08001f54                BusFault_Handler
 .text.UsageFault_Handler
                0x08001f5c        0x8 ./Core/Src/stm32l4xx_it.o
                0x08001f5c                UsageFault_Handler
 .text.DebugMon_Handler
                0x08001f64        0xe ./Core/Src/stm32l4xx_it.o
                0x08001f64                DebugMon_Handler
 *fill*         0x08001f72        0x2 
 .text.TIM6_DAC_IRQHandler
                0x08001f74       0x14 ./Core/Src/stm32l4xx_it.o
                0x08001f74                TIM6_DAC_IRQHandler
 .text._read    0x08001f88       0x3a ./Core/Src/syscalls.o
                0x08001f88                _read
 .text._write   0x08001fc2       0x38 ./Core/Src/syscalls.o
                0x08001fc2                _write
 .text._close   0x08001ffa       0x18 ./Core/Src/syscalls.o
                0x08001ffa                _close
 .text._fstat   0x08002012       0x20 ./Core/Src/syscalls.o
                0x08002012                _fstat
 .text._isatty  0x08002032       0x16 ./Core/Src/syscalls.o
                0x08002032                _isatty
 .text._lseek   0x08002048       0x1a ./Core/Src/syscalls.o
                0x08002048                _lseek
 *fill*         0x08002062        0x2 
 .text._sbrk    0x08002064       0x6c ./Core/Src/sysmem.o
                0x08002064                _sbrk
 .text.SystemInit
                0x080020d0       0x24 ./Core/Src/system_stm32l4xx.o
                0x080020d0                SystemInit
 .text.Reset_Handler
                0x080020f4       0x50 ./Core/Startup/startup_stm32l476rgtx.o
                0x080020f4                Reset_Handler
 .text.Default_Handler
                0x08002144        0x2 ./Core/Startup/startup_stm32l476rgtx.o
                0x08002144                RTC_Alarm_IRQHandler
                0x08002144                EXTI2_IRQHandler
                0x08002144                TIM8_TRG_COM_IRQHandler
                0x08002144                TIM8_CC_IRQHandler
                0x08002144                TIM1_CC_IRQHandler
                0x08002144                TSC_IRQHandler
                0x08002144                TAMP_STAMP_IRQHandler
                0x08002144                EXTI3_IRQHandler
                0x08002144                LPTIM2_IRQHandler
                0x08002144                DFSDM1_FLT1_IRQHandler
                0x08002144                I2C3_ER_IRQHandler
                0x08002144                DFSDM1_FLT2_IRQHandler
                0x08002144                EXTI0_IRQHandler
                0x08002144                I2C2_EV_IRQHandler
                0x08002144                CAN1_RX0_IRQHandler
                0x08002144                FPU_IRQHandler
                0x08002144                TIM1_UP_TIM16_IRQHandler
                0x08002144                ADC1_2_IRQHandler
                0x08002144                SPI1_IRQHandler
                0x08002144                TIM8_UP_IRQHandler
                0x08002144                DMA2_Channel2_IRQHandler
                0x08002144                DMA1_Channel4_IRQHandler
                0x08002144                SAI2_IRQHandler
                0x08002144                DFSDM1_FLT3_IRQHandler
                0x08002144                USART3_IRQHandler
                0x08002144                DMA1_Channel7_IRQHandler
                0x08002144                CAN1_RX1_IRQHandler
                0x08002144                LCD_IRQHandler
                0x08002144                UART5_IRQHandler
                0x08002144                ADC3_IRQHandler
                0x08002144                TIM4_IRQHandler
                0x08002144                DMA2_Channel1_IRQHandler
                0x08002144                QUADSPI_IRQHandler
                0x08002144                I2C1_EV_IRQHandler
                0x08002144                DMA1_Channel6_IRQHandler
                0x08002144                UART4_IRQHandler
                0x08002144                DMA2_Channel4_IRQHandler
                0x08002144                TIM3_IRQHandler
                0x08002144                RCC_IRQHandler
                0x08002144                DMA1_Channel1_IRQHandler
                0x08002144                Default_Handler
                0x08002144                DMA2_Channel7_IRQHandler
                0x08002144                EXTI15_10_IRQHandler
                0x08002144                TIM7_IRQHandler
                0x08002144                SDMMC1_IRQHandler
                0x08002144                TIM5_IRQHandler
                0x08002144                I2C3_EV_IRQHandler
                0x08002144                EXTI9_5_IRQHandler
                0x08002144                RTC_WKUP_IRQHandler
                0x08002144                PVD_PVM_IRQHandler
                0x08002144                SPI2_IRQHandler
                0x08002144                CAN1_TX_IRQHandler
                0x08002144                DMA2_Channel5_IRQHandler
                0x08002144                DMA1_Channel5_IRQHandler
                0x08002144                EXTI4_IRQHandler
                0x08002144                RNG_IRQHandler
                0x08002144                TIM1_TRG_COM_TIM17_IRQHandler
                0x08002144                DMA1_Channel3_IRQHandler
                0x08002144                COMP_IRQHandler
                0x08002144                WWDG_IRQHandler
                0x08002144                LPUART1_IRQHandler
                0x08002144                DMA2_Channel6_IRQHandler
                0x08002144                TIM2_IRQHandler
                0x08002144                EXTI1_IRQHandler
                0x08002144                USART2_IRQHandler
                0x08002144                DFSDM1_FLT0_IRQHandler
                0x08002144                I2C2_ER_IRQHandler
                0x08002144                DMA1_Channel2_IRQHandler
                0x08002144                TIM8_BRK_IRQHandler
                0x08002144                CAN1_SCE_IRQHandler
                0x08002144                FLASH_IRQHandler
                0x08002144                USART1_IRQHandler
                0x08002144                OTG_FS_IRQHandler
                0x08002144                SPI3_IRQHandler
                0x08002144                I2C1_ER_IRQHandler
                0x08002144                FMC_IRQHandler
                0x08002144                SWPMI1_IRQHandler
                0x08002144                LPTIM1_IRQHandler
                0x08002144                SAI1_IRQHandler
                0x08002144                DMA2_Channel3_IRQHandler
                0x08002144                TIM1_BRK_TIM15_IRQHandler
 .text.HAL_Init
                0x08002146       0x30 ./Drivers/STM32L4xx_HAL_Driver/Src/stm32l4xx_hal.o
                0x08002146                HAL_Init
 *fill*         0x08002176        0x2 
 .text.HAL_IncTick
                0x08002178       0x28 ./Drivers/STM32L4xx_HAL_Driver/Src/stm32l4xx_hal.o
                0x08002178                HAL_IncTick
 .text.HAL_GetTick
                0x080021a0       0x18 ./Drivers/STM32L4xx_HAL_Driver/Src/stm32l4xx_hal.o
                0x080021a0                HAL_GetTick
 .text.HAL_Delay
                0x080021b8       0x48 ./Drivers/STM32L4xx_HAL_Driver/Src/stm32l4xx_hal.o
                0x080021b8                HAL_Delay
 .text.__NVIC_SetPriorityGrouping
                0x08002200       0x48 ./Drivers/STM32L4xx_HAL_Driver/Src/stm32l4xx_hal_cortex.o
 .text.__NVIC_GetPriorityGrouping
                0x08002248       0x1c ./Drivers/STM32L4xx_HAL_Driver/Src/stm32l4xx_hal_cortex.o
 .text.__NVIC_EnableIRQ
                0x08002264       0x3c ./Drivers/STM32L4xx_HAL_Driver/Src/stm32l4xx_hal_cortex.o
 .text.__NVIC_SetPriority
                0x080022a0       0x54 ./Drivers/STM32L4xx_HAL_Driver/Src/stm32l4xx_hal_cortex.o
 .text.NVIC_EncodePriority
                0x080022f4       0x66 ./Drivers/STM32L4xx_HAL_Driver/Src/stm32l4xx_hal_cortex.o
 .text.HAL_NVIC_SetPriorityGrouping
                0x0800235a       0x16 ./Drivers/STM32L4xx_HAL_Driver/Src/stm32l4xx_hal_cortex.o
                0x0800235a                HAL_NVIC_SetPriorityGrouping
 .text.HAL_NVIC_SetPriority
                0x08002370       0x38 ./Drivers/STM32L4xx_HAL_Driver/Src/stm32l4xx_hal_cortex.o
                0x08002370                HAL_NVIC_SetPriority
 .text.HAL_NVIC_EnableIRQ
                0x080023a8       0x1c ./Drivers/STM32L4xx_HAL_Driver/Src/stm32l4xx_hal_cortex.o
                0x080023a8                HAL_NVIC_EnableIRQ
 .text.HAL_GPIO_Init
                0x080023c4      0x354 ./Drivers/STM32L4xx_HAL_Driver/Src/stm32l4xx_hal_gpio.o
                0x080023c4                HAL_GPIO_Init
 .text.HAL_I2C_Init
                0x08002718      0x136 ./Drivers/STM32L4xx_HAL_Driver/Src/stm32l4xx_hal_i2c.o
                0x08002718                HAL_I2C_Init
 *fill*         0x0800284e        0x2 
 .text.HAL_I2C_Master_Transmit
                0x08002850      0x230 ./Drivers/STM32L4xx_HAL_Driver/Src/stm32l4xx_hal_i2c.o
                0x08002850                HAL_I2C_Master_Transmit
 .text.HAL_I2C_Master_Receive
                0x08002a80      0x1ec ./Drivers/STM32L4xx_HAL_Driver/Src/stm32l4xx_hal_i2c.o
                0x08002a80                HAL_I2C_Master_Receive
 .text.HAL_I2C_Mem_Write
                0x08002c6c      0x228 ./Drivers/STM32L4xx_HAL_Driver/Src/stm32l4xx_hal_i2c.o
                0x08002c6c                HAL_I2C_Mem_Write
 .text.HAL_I2C_Mem_Read
                0x08002e94      0x234 ./Drivers/STM32L4xx_HAL_Driver/Src/stm32l4xx_hal_i2c.o
                0x08002e94                HAL_I2C_Mem_Read
 .text.I2C_RequestMemoryWrite
                0x080030c8       0xa8 ./Drivers/STM32L4xx_HAL_Driver/Src/stm32l4xx_hal_i2c.o
 .text.I2C_RequestMemoryRead
                0x08003170       0xa8 ./Drivers/STM32L4xx_HAL_Driver/Src/stm32l4xx_hal_i2c.o
 .text.I2C_Flush_TXDR
                0x08003218       0x48 ./Drivers/STM32L4xx_HAL_Driver/Src/stm32l4xx_hal_i2c.o
 .text.I2C_WaitOnFlagUntilTimeout
                0x08003260       0xb2 ./Drivers/STM32L4xx_HAL_Driver/Src/stm32l4xx_hal_i2c.o
 .text.I2C_WaitOnTXISFlagUntilTimeout
                0x08003312       0x8e ./Drivers/STM32L4xx_HAL_Driver/Src/stm32l4xx_hal_i2c.o
 .text.I2C_WaitOnSTOPFlagUntilTimeout
                0x080033a0       0x86 ./Drivers/STM32L4xx_HAL_Driver/Src/stm32l4xx_hal_i2c.o
 *fill*         0x08003426        0x2 
 .text.I2C_WaitOnRXNEFlagUntilTimeout
                0x08003428      0x118 ./Drivers/STM32L4xx_HAL_Driver/Src/stm32l4xx_hal_i2c.o
 .text.I2C_IsErrorOccurred
                0x08003540      0x1c0 ./Drivers/STM32L4xx_HAL_Driver/Src/stm32l4xx_hal_i2c.o
 .text.I2C_TransferConfig
                0x08003700       0x64 ./Drivers/STM32L4xx_HAL_Driver/Src/stm32l4xx_hal_i2c.o
 .text.HAL_I2CEx_ConfigAnalogFilter
                0x08003764       0x96 ./Drivers/STM32L4xx_HAL_Driver/Src/stm32l4xx_hal_i2c_ex.o
                0x08003764                HAL_I2CEx_ConfigAnalogFilter
 .text.HAL_I2CEx_ConfigDigitalFilter
                0x080037fa       0x98 ./Drivers/STM32L4xx_HAL_Driver/Src/stm32l4xx_hal_i2c_ex.o
                0x080037fa                HAL_I2CEx_ConfigDigitalFilter
 *fill*         0x08003892        0x2 
 .text.HAL_PWREx_GetVoltageRange
                0x08003894       0x1c ./Drivers/STM32L4xx_HAL_Driver/Src/stm32l4xx_hal_pwr_ex.o
                0x08003894                HAL_PWREx_GetVoltageRange
 .text.HAL_PWREx_ControlVoltageScaling
                0x080038b0       0xac ./Drivers/STM32L4xx_HAL_Driver/Src/stm32l4xx_hal_pwr_ex.o
                0x080038b0                HAL_PWREx_ControlVoltageScaling
 .text.HAL_RCC_OscConfig
                0x0800395c      0x7b8 ./Drivers/STM32L4xx_HAL_Driver/Src/stm32l4xx_hal_rcc.o
                0x0800395c                HAL_RCC_OscConfig
 .text.HAL_RCC_ClockConfig
                0x08004114      0x200 ./Drivers/STM32L4xx_HAL_Driver/Src/stm32l4xx_hal_rcc.o
                0x08004114                HAL_RCC_ClockConfig
 .text.HAL_RCC_GetSysClockFreq
                0x08004314      0x118 ./Drivers/STM32L4xx_HAL_Driver/Src/stm32l4xx_hal_rcc.o
                0x08004314                HAL_RCC_GetSysClockFreq
 .text.HAL_RCC_GetHCLKFreq
                0x0800442c       0x18 ./Drivers/STM32L4xx_HAL_Driver/Src/stm32l4xx_hal_rcc.o
                0x0800442c                HAL_RCC_GetHCLKFreq
 .text.HAL_RCC_GetPCLK1Freq
                0x08004444       0x2c ./Drivers/STM32L4xx_HAL_Driver/Src/stm32l4xx_hal_rcc.o
                0x08004444                HAL_RCC_GetPCLK1Freq
 .text.HAL_RCC_GetPCLK2Freq
                0x08004470       0x2c ./Drivers/STM32L4xx_HAL_Driver/Src/stm32l4xx_hal_rcc.o
                0x08004470                HAL_RCC_GetPCLK2Freq
 .text.HAL_RCC_GetClockConfig
                0x0800449c       0x64 ./Drivers/STM32L4xx_HAL_Driver/Src/stm32l4xx_hal_rcc.o
                0x0800449c                HAL_RCC_GetClockConfig
 .text.RCC_SetFlashLatencyFromMSIRange
                0x08004500       0xc0 ./Drivers/STM32L4xx_HAL_Driver/Src/stm32l4xx_hal_rcc.o
 .text.HAL_RCCEx_PeriphCLKConfig
                0x080045c0      0x5d4 ./Drivers/STM32L4xx_HAL_Driver/Src/stm32l4xx_hal_rcc_ex.o
                0x080045c0                HAL_RCCEx_PeriphCLKConfig
 .text.RCCEx_PLLSAI1_Config
                0x08004b94      0x1e8 ./Drivers/STM32L4xx_HAL_Driver/Src/stm32l4xx_hal_rcc_ex.o
 .text.RCCEx_PLLSAI2_Config
                0x08004d7c      0x1bc ./Drivers/STM32L4xx_HAL_Driver/Src/stm32l4xx_hal_rcc_ex.o
 .text.HAL_TIM_Base_Init
                0x08004f38       0xae ./Drivers/STM32L4xx_HAL_Driver/Src/stm32l4xx_hal_tim.o
                0x08004f38                HAL_TIM_Base_Init
 .text.HAL_TIM_Base_MspInit
                0x08004fe6       0x14 ./Drivers/STM32L4xx_HAL_Driver/Src/stm32l4xx_hal_tim.o
                0x08004fe6                HAL_TIM_Base_MspInit
 *fill*         0x08004ffa        0x2 
 .text.HAL_TIM_Base_Start_IT
                0x08004ffc       0xe0 ./Drivers/STM32L4xx_HAL_Driver/Src/stm32l4xx_hal_tim.o
                0x08004ffc                HAL_TIM_Base_Start_IT
 .text.HAL_TIM_IRQHandler
                0x080050dc      0x20e ./Drivers/STM32L4xx_HAL_Driver/Src/stm32l4xx_hal_tim.o
                0x080050dc                HAL_TIM_IRQHandler
 .text.HAL_TIM_OC_DelayElapsedCallback
                0x080052ea       0x14 ./Drivers/STM32L4xx_HAL_Driver/Src/stm32l4xx_hal_tim.o
                0x080052ea                HAL_TIM_OC_DelayElapsedCallback
 .text.HAL_TIM_IC_CaptureCallback
                0x080052fe       0x14 ./Drivers/STM32L4xx_HAL_Driver/Src/stm32l4xx_hal_tim.o
                0x080052fe                HAL_TIM_IC_CaptureCallback
 .text.HAL_TIM_PWM_PulseFinishedCallback
                0x08005312       0x14 ./Drivers/STM32L4xx_HAL_Driver/Src/stm32l4xx_hal_tim.o
                0x08005312                HAL_TIM_PWM_PulseFinishedCallback
 .text.HAL_TIM_TriggerCallback
                0x08005326       0x14 ./Drivers/STM32L4xx_HAL_Driver/Src/stm32l4xx_hal_tim.o
                0x08005326                HAL_TIM_TriggerCallback
 *fill*         0x0800533a        0x2 
 .text.TIM_Base_SetConfig
                0x0800533c      0x140 ./Drivers/STM32L4xx_HAL_Driver/Src/stm32l4xx_hal_tim.o
                0x0800533c                TIM_Base_SetConfig
 .text.HAL_TIMEx_CommutCallback
                0x0800547c       0x14 ./Drivers/STM32L4xx_HAL_Driver/Src/stm32l4xx_hal_tim_ex.o
                0x0800547c                HAL_TIMEx_CommutCallback
 .text.HAL_TIMEx_BreakCallback
                0x08005490       0x14 ./Drivers/STM32L4xx_HAL_Driver/Src/stm32l4xx_hal_tim_ex.o
                0x08005490                HAL_TIMEx_BreakCallback
 .text.HAL_TIMEx_Break2Callback
                0x080054a4       0x14 ./Drivers/STM32L4xx_HAL_Driver/Src/stm32l4xx_hal_tim_ex.o
                0x080054a4                HAL_TIMEx_Break2Callback
 .text.HAL_UART_Init
                0x080054b8       0x9c ./Drivers/STM32L4xx_HAL_Driver/Src/stm32l4xx_hal_uart.o
                0x080054b8                HAL_UART_Init
 .text.HAL_UART_Transmit
                0x08005554      0x126 ./Drivers/STM32L4xx_HAL_Driver/Src/stm32l4xx_hal_uart.o
                0x08005554                HAL_UART_Transmit
 .text.HAL_UART_Receive
                0x0800567a      0x1a0 ./Drivers/STM32L4xx_HAL_Driver/Src/stm32l4xx_hal_uart.o
                0x0800567a                HAL_UART_Receive
 *fill*         0x0800581a        0x2 
 .text.UART_SetConfig
                0x0800581c      0x570 ./Drivers/STM32L4xx_HAL_Driver/Src/stm32l4xx_hal_uart.o
                0x0800581c                UART_SetConfig
 .text.UART_AdvFeatureConfig
                0x08005d8c      0x144 ./Drivers/STM32L4xx_HAL_Driver/Src/stm32l4xx_hal_uart.o
                0x08005d8c                UART_AdvFeatureConfig
 .text.UART_CheckIdleState
                0x08005ed0      0x150 ./Drivers/STM32L4xx_HAL_Driver/Src/stm32l4xx_hal_uart.o
                0x08005ed0                UART_CheckIdleState
 .text.UART_WaitOnFlagUntilTimeout
                0x08006020       0xda ./Drivers/STM32L4xx_HAL_Driver/Src/stm32l4xx_hal_uart.o
                0x08006020                UART_WaitOnFlagUntilTimeout
 .text.UART_EndRxTransfer
                0x080060fa       0xc8 ./Drivers/STM32L4xx_HAL_Driver/Src/stm32l4xx_hal_uart.o
 *fill*         0x080061c2        0x2 
 .text.__NVIC_SetPriority
                0x080061c4       0x54 ./Middlewares/Third_Party/FreeRTOS/Source/CMSIS_RTOS_V2/cmsis_os2.o
 .text.SysTick_Handler
                0x08006218       0x20 ./Middlewares/Third_Party/FreeRTOS/Source/CMSIS_RTOS_V2/cmsis_os2.o
                0x08006218                SysTick_Handler
 .text.SVC_Setup
                0x08006238       0x12 ./Middlewares/Third_Party/FreeRTOS/Source/CMSIS_RTOS_V2/cmsis_os2.o
 *fill*         0x0800624a        0x2 
 .text.osKernelInitialize
                0x0800624c       0x48 ./Middlewares/Third_Party/FreeRTOS/Source/CMSIS_RTOS_V2/cmsis_os2.o
                0x0800624c                osKernelInitialize
 .text.osKernelStart
                0x08006294       0x4c ./Middlewares/Third_Party/FreeRTOS/Source/CMSIS_RTOS_V2/cmsis_os2.o
                0x08006294                osKernelStart
 .text.osKernelGetTickCount
                0x080062e0       0x2a ./Middlewares/Third_Party/FreeRTOS/Source/CMSIS_RTOS_V2/cmsis_os2.o
                0x080062e0                osKernelGetTickCount
 .text.osThreadNew
                0x0800630a      0x124 ./Middlewares/Third_Party/FreeRTOS/Source/CMSIS_RTOS_V2/cmsis_os2.o
                0x0800630a                osThreadNew
 *fill*         0x0800642e        0x2 
 .text.osThreadFlagsSet
                0x08006430       0x9c ./Middlewares/Third_Party/FreeRTOS/Source/CMSIS_RTOS_V2/cmsis_os2.o
                0x08006430                osThreadFlagsSet
 .text.osThreadFlagsWait
                0x080064cc      0x102 ./Middlewares/Third_Party/FreeRTOS/Source/CMSIS_RTOS_V2/cmsis_os2.o
                0x080064cc                osThreadFlagsWait
 .text.TimerCallback
                0x080065ce       0x2a ./Middlewares/Third_Party/FreeRTOS/Source/CMSIS_RTOS_V2/cmsis_os2.o
 .text.osTimerNew
                0x080065f8       0xf8 ./Middlewares/Third_Party/FreeRTOS/Source/CMSIS_RTOS_V2/cmsis_os2.o
                0x080065f8                osTimerNew
 .text.osTimerStart
                0x080066f0       0x5c ./Middlewares/Third_Party/FreeRTOS/Source/CMSIS_RTOS_V2/cmsis_os2.o
                0x080066f0                osTimerStart
 .text.osMutexNew
                0x0800674c      0x10c ./Middlewares/Third_Party/FreeRTOS/Source/CMSIS_RTOS_V2/cmsis_os2.o
                0x0800674c                osMutexNew
 .text.osMutexAcquire
                0x08006858       0x96 ./Middlewares/Third_Party/FreeRTOS/Source/CMSIS_RTOS_V2/cmsis_os2.o
                0x08006858                osMutexAcquire
 .text.osMutexRelease
                0x080068ee       0x7a ./Middlewares/Third_Party/FreeRTOS/Source/CMSIS_RTOS_V2/cmsis_os2.o
                0x080068ee                osMutexRelease
 .text.osMessageQueueNew
                0x08006968       0xe6 ./Middlewares/Third_Party/FreeRTOS/Source/CMSIS_RTOS_V2/cmsis_os2.o
                0x08006968                osMessageQueueNew
 *fill*         0x08006a4e        0x2 
 .text.osMessageQueuePut
                0x08006a50       0xc0 ./Middlewares/Third_Party/FreeRTOS/Source/CMSIS_RTOS_V2/cmsis_os2.o
                0x08006a50                osMessageQueuePut
 .text.osMessageQueueGet
                0x08006b10       0xbc ./Middlewares/Third_Party/FreeRTOS/Source/CMSIS_RTOS_V2/cmsis_os2.o
                0x08006b10                osMessageQueueGet
 .text.vApplicationGetIdleTaskMemory
                0x08006bcc       0x34 ./Middlewares/Third_Party/FreeRTOS/Source/CMSIS_RTOS_V2/cmsis_os2.o
                0x08006bcc                vApplicationGetIdleTaskMemory
 .text.vApplicationGetTimerTaskMemory
                0x08006c00       0x34 ./Middlewares/Third_Party/FreeRTOS/Source/CMSIS_RTOS_V2/cmsis_os2.o
                0x08006c00                vApplicationGetTimerTaskMemory
 .text.vListInitialise
                0x08006c34       0x40 ./Middlewares/Third_Party/FreeRTOS/Source/list.o
                0x08006c34                vListInitialise
 .text.vListInitialiseItem
                0x08006c74       0x1a ./Middlewares/Third_Party/FreeRTOS/Source/list.o
                0x08006c74                vListInitialiseItem
 .text.vListInsertEnd
                0x08006c8e       0x48 ./Middlewares/Third_Party/FreeRTOS/Source/list.o
                0x08006c8e                vListInsertEnd
 .text.vListInsert
                0x08006cd6       0x72 ./Middlewares/Third_Party/FreeRTOS/Source/list.o
                0x08006cd6                vListInsert
 .text.uxListRemove
                0x08006d48       0x54 ./Middlewares/Third_Party/FreeRTOS/Source/list.o
                0x08006d48                uxListRemove
 .text.xQueueGenericReset
                0x08006d9c       0xd4 ./Middlewares/Third_Party/FreeRTOS/Source/queue.o
                0x08006d9c                xQueueGenericReset
 .text.xQueueGenericCreateStatic
                0x08006e70       0xfa ./Middlewares/Third_Party/FreeRTOS/Source/queue.o
                0x08006e70                xQueueGenericCreateStatic
 .text.xQueueGenericCreate
                0x08006f6a       0x76 ./Middlewares/Third_Party/FreeRTOS/Source/queue.o
                0x08006f6a                xQueueGenericCreate
 .text.prvInitialiseNewQueue
                0x08006fe0       0x46 ./Middlewares/Third_Party/FreeRTOS/Source/queue.o
 .text.prvInitialiseMutex
                0x08007026       0x34 ./Middlewares/Third_Party/FreeRTOS/Source/queue.o
 .text.xQueueCreateMutex
                0x0800705a       0x30 ./Middlewares/Third_Party/FreeRTOS/Source/queue.o
                0x0800705a                xQueueCreateMutex
 .text.xQueueCreateMutexStatic
                0x0800708a       0x36 ./Middlewares/Third_Party/FreeRTOS/Source/queue.o
                0x0800708a                xQueueCreateMutexStatic
 .text.xQueueGiveMutexRecursive
                0x080070c0       0x6a ./Middlewares/Third_Party/FreeRTOS/Source/queue.o
                0x080070c0                xQueueGiveMutexRecursive
 .text.xQueueTakeMutexRecursive
                0x0800712a       0x6e ./Middlewares/Third_Party/FreeRTOS/Source/queue.o
                0x0800712a                xQueueTakeMutexRecursive
 .text.xQueueGenericSend
                0x08007198      0x204 ./Middlewares/Third_Party/FreeRTOS/Source/queue.o
                0x08007198                xQueueGenericSend
 .text.xQueueGenericSendFromISR
                0x0800739c      0x13c ./Middlewares/Third_Party/FreeRTOS/Source/queue.o
                0x0800739c                xQueueGenericSendFromISR
 .text.xQueueReceive
                0x080074d8      0x1c4 ./Middlewares/Third_Party/FreeRTOS/Source/queue.o
                0x080074d8                xQueueReceive
 .text.xQueueSemaphoreTake
                0x0800769c      0x220 ./Middlewares/Third_Party/FreeRTOS/Source/queue.o
                0x0800769c                xQueueSemaphoreTake
 .text.xQueueReceiveFromISR
                0x080078bc      0x104 ./Middlewares/Third_Party/FreeRTOS/Source/queue.o
                0x080078bc                xQueueReceiveFromISR
 .text.prvGetDisinheritPriorityAfterTimeout
                0x080079c0       0x30 ./Middlewares/Third_Party/FreeRTOS/Source/queue.o
 .text.prvCopyDataToQueue
                0x080079f0       0xd4 ./Middlewares/Third_Party/FreeRTOS/Source/queue.o
 .text.prvCopyDataFromQueue
                0x08007ac4       0x4c ./Middlewares/Third_Party/FreeRTOS/Source/queue.o
 .text.prvUnlockQueue
                0x08007b10       0xa4 ./Middlewares/Third_Party/FreeRTOS/Source/queue.o
 .text.prvIsQueueEmpty
                0x08007bb4       0x2c ./Middlewares/Third_Party/FreeRTOS/Source/queue.o
 .text.prvIsQueueFull
                0x08007be0       0x30 ./Middlewares/Third_Party/FreeRTOS/Source/queue.o
 .text.vQueueAddToRegistry
                0x08007c10       0x54 ./Middlewares/Third_Party/FreeRTOS/Source/queue.o
                0x08007c10                vQueueAddToRegistry
 .text.vQueueWaitForMessageRestricted
                0x08007c64       0x68 ./Middlewares/Third_Party/FreeRTOS/Source/queue.o
                0x08007c64                vQueueWaitForMessageRestricted
 .text.xTaskCreateStatic
                0x08007ccc       0xc0 ./Middlewares/Third_Party/FreeRTOS/Source/tasks.o
                0x08007ccc                xTaskCreateStatic
 .text.xTaskCreate
                0x08007d8c       0x8a ./Middlewares/Third_Party/FreeRTOS/Source/tasks.o
                0x08007d8c                xTaskCreate
 *fill*         0x08007e16        0x2 
 .text.prvInitialiseNewTask
                0x08007e18      0x150 ./Middlewares/Third_Party/FreeRTOS/Source/tasks.o
 .text.prvAddNewTaskToReadyList
                0x08007f68       0xe0 ./Middlewares/Third_Party/FreeRTOS/Source/tasks.o
 .text.vTaskStartScheduler
                0x08008048       0xe0 ./Middlewares/Third_Party/FreeRTOS/Source/tasks.o
                0x08008048                vTaskStartScheduler
 .text.vTaskSuspendAll
                0x08008128       0x1c ./Middlewares/Third_Party/FreeRTOS/Source/tasks.o
                0x08008128                vTaskSuspendAll
 .text.xTaskResumeAll
                0x08008144      0x13c ./Middlewares/Third_Party/FreeRTOS/Source/tasks.o
                0x08008144                xTaskResumeAll
 .text.xTaskGetTickCount
                0x08008280       0x20 ./Middlewares/Third_Party/FreeRTOS/Source/tasks.o
                0x08008280                xTaskGetTickCount
 .text.xTaskGetTickCountFromISR
                0x080082a0       0x24 ./Middlewares/Third_Party/FreeRTOS/Source/tasks.o
                0x080082a0                xTaskGetTickCountFromISR
 .text.xTaskIncrementTick
                0x080082c4      0x174 ./Middlewares/Third_Party/FreeRTOS/Source/tasks.o
                0x080082c4                xTaskIncrementTick
 .text.vTaskSwitchContext
                0x08008438       0xcc ./Middlewares/Third_Party/FreeRTOS/Source/tasks.o
                0x08008438                vTaskSwitchContext
 .text.vTaskPlaceOnEventList
                0x08008504       0x4c ./Middlewares/Third_Party/FreeRTOS/Source/tasks.o
                0x08008504                vTaskPlaceOnEventList
 .text.vTaskPlaceOnEventListRestricted
                0x08008550       0x58 ./Middlewares/Third_Party/FreeRTOS/Source/tasks.o
                0x08008550                vTaskPlaceOnEventListRestricted
 .text.xTaskRemoveFromEventList
                0x080085a8       0xc8 ./Middlewares/Third_Party/FreeRTOS/Source/tasks.o
                0x080085a8                xTaskRemoveFromEventList
 .text.vTaskInternalSetTimeOutState
                0x08008670       0x2c ./Middlewares/Third_Party/FreeRTOS/Source/tasks.o
                0x08008670                vTaskInternalSetTimeOutState
 .text.xTaskCheckForTimeOut
                0x0800869c       0xc8 ./Middlewares/Third_Party/FreeRTOS/Source/tasks.o
                0x0800869c                xTaskCheckForTimeOut
 .text.vTaskMissedYield
                0x08008764       0x18 ./Middlewares/Third_Party/FreeRTOS/Source/tasks.o
                0x08008764                vTaskMissedYield
 .text.prvIdleTask
                0x0800877c       0x30 ./Middlewares/Third_Party/FreeRTOS/Source/tasks.o
 .text.prvInitialiseTaskLists
                0x080087ac       0x80 ./Middlewares/Third_Party/FreeRTOS/Source/tasks.o
 .text.prvCheckTasksWaitingTermination
                0x0800882c       0x5c ./Middlewares/Third_Party/FreeRTOS/Source/tasks.o
 .text.prvDeleteTCB
                0x08008888       0x6a ./Middlewares/Third_Party/FreeRTOS/Source/tasks.o
 *fill*         0x080088f2        0x2 
 .text.prvResetNextTaskUnblockTime
                0x080088f4       0x40 ./Middlewares/Third_Party/FreeRTOS/Source/tasks.o
 .text.xTaskGetCurrentTaskHandle
                0x08008934       0x20 ./Middlewares/Third_Party/FreeRTOS/Source/tasks.o
                0x08008934                xTaskGetCurrentTaskHandle
 .text.xTaskGetSchedulerState
                0x08008954       0x3c ./Middlewares/Third_Party/FreeRTOS/Source/tasks.o
                0x08008954                xTaskGetSchedulerState
 .text.xTaskPriorityInherit
                0x08008990       0xd0 ./Middlewares/Third_Party/FreeRTOS/Source/tasks.o
                0x08008990                xTaskPriorityInherit
 .text.xTaskPriorityDisinherit
                0x08008a60       0xe0 ./Middlewares/Third_Party/FreeRTOS/Source/tasks.o
                0x08008a60                xTaskPriorityDisinherit
 .text.vTaskPriorityDisinheritAfterTimeout
                0x08008b40      0x108 ./Middlewares/Third_Party/FreeRTOS/Source/tasks.o
                0x08008b40                vTaskPriorityDisinheritAfterTimeout
 .text.pvTaskIncrementMutexHeldCount
                0x08008c48       0x28 ./Middlewares/Third_Party/FreeRTOS/Source/tasks.o
                0x08008c48                pvTaskIncrementMutexHeldCount
 .text.xTaskNotifyWait
                0x08008c70       0xc0 ./Middlewares/Third_Party/FreeRTOS/Source/tasks.o
                0x08008c70                xTaskNotifyWait
 .text.xTaskGenericNotify
                0x08008d30      0x184 ./Middlewares/Third_Party/FreeRTOS/Source/tasks.o
                0x08008d30                xTaskGenericNotify
 .text.xTaskGenericNotifyFromISR
                0x08008eb4      0x1cc ./Middlewares/Third_Party/FreeRTOS/Source/tasks.o
                0x08008eb4                xTaskGenericNotifyFromISR
 .text.prvAddCurrentTaskToDelayedList
                0x08009080       0xa8 ./Middlewares/Third_Party/FreeRTOS/Source/tasks.o
 .text.xTimerCreateTimerTask
                0x08009128       0x94 ./Middlewares/Third_Party/FreeRTOS/Source/timers.o
                0x08009128                xTimerCreateTimerTask
 .text.xTimerCreate
                0x080091bc       0x42 ./Middlewares/Third_Party/FreeRTOS/Source/timers.o
                0x080091bc                xTimerCreate
 .text.xTimerCreateStatic
                0x080091fe       0x80 ./Middlewares/Third_Party/FreeRTOS/Source/timers.o
                0x080091fe                xTimerCreateStatic
 .text.prvInitialiseNewTimer
                0x0800927e       0x78 ./Middlewares/Third_Party/FreeRTOS/Source/timers.o
 *fill*         0x080092f6        0x2 
 .text.xTimerGenericCommand
                0x080092f8       0x9c ./Middlewares/Third_Party/FreeRTOS/Source/timers.o
                0x080092f8                xTimerGenericCommand
 .text.prvProcessExpiredTimer
                0x08009394       0x9c ./Middlewares/Third_Party/FreeRTOS/Source/timers.o
 .text.prvTimerTask
                0x08009430       0x26 ./Middlewares/Third_Party/FreeRTOS/Source/timers.o
 *fill*         0x08009456        0x2 
 .text.prvProcessTimerOrBlockTask
                0x08009458       0x9c ./Middlewares/Third_Party/FreeRTOS/Source/timers.o
 .text.prvGetNextExpireTime
                0x080094f4       0x48 ./Middlewares/Third_Party/FreeRTOS/Source/timers.o
 .text.prvSampleTimeNow
                0x0800953c       0x40 ./Middlewares/Third_Party/FreeRTOS/Source/timers.o
 .text.prvInsertTimerInActiveList
                0x0800957c       0x84 ./Middlewares/Third_Party/FreeRTOS/Source/timers.o
 .text.prvProcessReceivedCommands
                0x08009600      0x1cc ./Middlewares/Third_Party/FreeRTOS/Source/timers.o
 .text.prvSwitchTimerLists
                0x080097cc       0xcc ./Middlewares/Third_Party/FreeRTOS/Source/timers.o
 .text.prvCheckForValidListAndQueue
                0x08009898       0x80 ./Middlewares/Third_Party/FreeRTOS/Source/timers.o
 .text.pvTimerGetTimerID
                0x08009918       0x42 ./Middlewares/Third_Party/FreeRTOS/Source/timers.o
                0x08009918                pvTimerGetTimerID
 *fill*         0x0800995a        0x2 
 .text.pxPortInitialiseStack
                0x0800995c       0x68 ./Middlewares/Third_Party/FreeRTOS/Source/portable/GCC/ARM_CM4F/port.o
                0x0800995c                pxPortInitialiseStack
 .text.prvTaskExitError
                0x080099c4       0x5c ./Middlewares/Third_Party/FreeRTOS/Source/portable/GCC/ARM_CM4F/port.o
 .text.SVC_Handler
                0x08009a20       0x28 ./Middlewares/Third_Party/FreeRTOS/Source/portable/GCC/ARM_CM4F/port.o
                0x08009a20                SVC_Handler
 .text.prvPortStartFirstTask
                0x08009a48       0x28 ./Middlewares/Third_Party/FreeRTOS/Source/portable/GCC/ARM_CM4F/port.o
 .text.xPortStartScheduler
                0x08009a70      0x148 ./Middlewares/Third_Party/FreeRTOS/Source/portable/GCC/ARM_CM4F/port.o
                0x08009a70                xPortStartScheduler
 .text.vPortEnterCritical
                0x08009bb8       0x64 ./Middlewares/Third_Party/FreeRTOS/Source/portable/GCC/ARM_CM4F/port.o
                0x08009bb8                vPortEnterCritical
 .text.vPortExitCritical
                0x08009c1c       0x54 ./Middlewares/Third_Party/FreeRTOS/Source/portable/GCC/ARM_CM4F/port.o
                0x08009c1c                vPortExitCritical
 .text.PendSV_Handler
                0x08009c70       0x68 ./Middlewares/Third_Party/FreeRTOS/Source/portable/GCC/ARM_CM4F/port.o
                0x08009c70                PendSV_Handler
 .text.xPortSysTickHandler
                0x08009cd8       0x44 ./Middlewares/Third_Party/FreeRTOS/Source/portable/GCC/ARM_CM4F/port.o
                0x08009cd8                xPortSysTickHandler
 .text.vPortSetupTimerInterrupt
                0x08009d1c       0x48 ./Middlewares/Third_Party/FreeRTOS/Source/portable/GCC/ARM_CM4F/port.o
                0x08009d1c                vPortSetupTimerInterrupt
 .text.vPortEnableVFP
                0x08009d64       0x14 ./Middlewares/Third_Party/FreeRTOS/Source/portable/GCC/ARM_CM4F/port.o
 .text.vPortValidateInterruptPriority
                0x08009d78       0x84 ./Middlewares/Third_Party/FreeRTOS/Source/portable/GCC/ARM_CM4F/port.o
                0x08009d78                vPortValidateInterruptPriority
 .text.pvPortMalloc
                0x08009dfc      0x19c ./Middlewares/Third_Party/FreeRTOS/Source/portable/MemMang/heap_4.o
                0x08009dfc                pvPortMalloc
 .text.vPortFree
                0x08009f98       0xc8 ./Middlewares/Third_Party/FreeRTOS/Source/portable/MemMang/heap_4.o
                0x08009f98                vPortFree
 .text.prvHeapInit
                0x0800a060       0xc4 ./Middlewares/Third_Party/FreeRTOS/Source/portable/MemMang/heap_4.o
 .text.prvInsertBlockIntoFreeList
                0x0800a124       0xb4 ./Middlewares/Third_Party/FreeRTOS/Source/portable/MemMang/heap_4.o
 .text.std      0x0800a1d8       0x6c /home/davi/st/stm32cubeide_2.1.1/plugins/com.st.stm32cube.ide.mcu.externaltools.gnu-tools-for-stm32.14.3.rel1.linux64_1.0.100.202602081740/tools/bin/../lib/gcc/arm-none-eabi/14.3.1/../../../../arm-none-eabi/lib/thumb/v7e-m+fp/hard/libc_nano.a(libc_a-findfp.o)
 .text.stdio_exit_handler
                0x0800a244       0x18 /home/davi/st/stm32cubeide_2.1.1/plugins/com.st.stm32cube.ide.mcu.externaltools.gnu-tools-for-stm32.14.3.rel1.linux64_1.0.100.202602081740/tools/bin/../lib/gcc/arm-none-eabi/14.3.1/../../../../arm-none-eabi/lib/thumb/v7e-m+fp/hard/libc_nano.a(libc_a-findfp.o)
 .text.cleanup_stdio
                0x0800a25c       0x40 /home/davi/st/stm32cubeide_2.1.1/plugins/com.st.stm32cube.ide.mcu.externaltools.gnu-tools-for-stm32.14.3.rel1.linux64_1.0.100.202602081740/tools/bin/../lib/gcc/arm-none-eabi/14.3.1/../../../../arm-none-eabi/lib/thumb/v7e-m+fp/hard/libc_nano.a(libc_a-findfp.o)
 .text.global_stdio_init.part.0
                0x0800a29c       0x40 /home/davi/st/stm32cubeide_2.1.1/plugins/com.st.stm32cube.ide.mcu.externaltools.gnu-tools-for-stm32.14.3.rel1.linux64_1.0.100.202602081740/tools/bin/../lib/gcc/arm-none-eabi/14.3.1/../../../../arm-none-eabi/lib/thumb/v7e-m+fp/hard/libc_nano.a(libc_a-findfp.o)
 .text.__sfp_lock_acquire
                0x0800a2dc        0xc /home/davi/st/stm32cubeide_2.1.1/plugins/com.st.stm32cube.ide.mcu.externaltools.gnu-tools-for-stm32.14.3.rel1.linux64_1.0.100.202602081740/tools/bin/../lib/gcc/arm-none-eabi/14.3.1/../../../../arm-none-eabi/lib/thumb/v7e-m+fp/hard/libc_nano.a(libc_a-findfp.o)
                0x0800a2dc                __sfp_lock_acquire
 .text.__sfp_lock_release
                0x0800a2e8        0xc /home/davi/st/stm32cubeide_2.1.1/plugins/com.st.stm32cube.ide.mcu.externaltools.gnu-tools-for-stm32.14.3.rel1.linux64_1.0.100.202602081740/tools/bin/../lib/gcc/arm-none-eabi/14.3.1/../../../../arm-none-eabi/lib/thumb/v7e-m+fp/hard/libc_nano.a(libc_a-findfp.o)
                0x0800a2e8                __sfp_lock_release
 .text.__sinit  0x0800a2f4       0x30 /home/davi/st/stm32cubeide_2.1.1/plugins/com.st.stm32cube.ide.mcu.externaltools.gnu-tools-for-stm32.14.3.rel1.linux64_1.0.100.202602081740/tools/bin/../lib/gcc/arm-none-eabi/14.3.1/../../../../arm-none-eabi/lib/thumb/v7e-m+fp/hard/libc_nano.a(libc_a-findfp.o)
                0x0800a2f4                __sinit
 .text._fwalk_sglue
                0x0800a324       0x3c /home/davi/st/stm32cubeide_2.1.1/plugins/com.st.stm32cube.ide.mcu.externaltools.gnu-tools-for-stm32.14.3.rel1.linux64_1.0.100.202602081740/tools/bin/../lib/gcc/arm-none-eabi/14.3.1/../../../../arm-none-eabi/lib/thumb/v7e-m+fp/hard/libc_nano.a(libc_a-fwalk.o)
                0x0800a324                _fwalk_sglue
 .text.printf   0x0800a360       0x24 /home/davi/st/stm32cubeide_2.1.1/plugins/com.st.stm32cube.ide.mcu.externaltools.gnu-tools-for-stm32.14.3.rel1.linux64_1.0.100.202602081740/tools/bin/../lib/gcc/arm-none-eabi/14.3.1/../../../../arm-none-eabi/lib/thumb/v7e-m+fp/hard/libc_nano.a(libc_a-printf.o)
                0x0800a360                printf
                0x0800a360                iprintf
 .text.__sread  0x0800a384       0x22 /home/davi/st/stm32cubeide_2.1.1/plugins/com.st.stm32cube.ide.mcu.externaltools.gnu-tools-for-stm32.14.3.rel1.linux64_1.0.100.202602081740/tools/bin/../lib/gcc/arm-none-eabi/14.3.1/../../../../arm-none-eabi/lib/thumb/v7e-m+fp/hard/libc_nano.a(libc_a-stdio.o)
                0x0800a384                __sread
 .text.__swrite
                0x0800a3a6       0x38 /home/davi/st/stm32cubeide_2.1.1/plugins/com.st.stm32cube.ide.mcu.externaltools.gnu-tools-for-stm32.14.3.rel1.linux64_1.0.100.202602081740/tools/bin/../lib/gcc/arm-none-eabi/14.3.1/../../../../arm-none-eabi/lib/thumb/v7e-m+fp/hard/libc_nano.a(libc_a-stdio.o)
                0x0800a3a6                __swrite
 .text.__sseek  0x0800a3de       0x26 /home/davi/st/stm32cubeide_2.1.1/plugins/com.st.stm32cube.ide.mcu.externaltools.gnu-tools-for-stm32.14.3.rel1.linux64_1.0.100.202602081740/tools/bin/../lib/gcc/arm-none-eabi/14.3.1/../../../../arm-none-eabi/lib/thumb/v7e-m+fp/hard/libc_nano.a(libc_a-stdio.o)
                0x0800a3de                __sseek
 .text.__sclose
                0x0800a404        0x8 /home/davi/st/stm32cubeide_2.1.1/plugins/com.st.stm32cube.ide.mcu.externaltools.gnu-tools-for-stm32.14.3.rel1.linux64_1.0.100.202602081740/tools/bin/../lib/gcc/arm-none-eabi/14.3.1/../../../../arm-none-eabi/lib/thumb/v7e-m+fp/hard/libc_nano.a(libc_a-stdio.o)
                0x0800a404                __sclose
 .text.memset   0x0800a40c       0x10 /home/davi/st/stm32cubeide_2.1.1/plugins/com.st.stm32cube.ide.mcu.externaltools.gnu-tools-for-stm32.14.3.rel1.linux64_1.0.100.202602081740/tools/bin/../lib/gcc/arm-none-eabi/14.3.1/../../../../arm-none-eabi/lib/thumb/v7e-m+fp/hard/libc_nano.a(libc_a-memset.o)
                0x0800a40c                memset
 .text._close_r
                0x0800a41c       0x20 /home/davi/st/stm32cubeide_2.1.1/plugins/com.st.stm32cube.ide.mcu.externaltools.gnu-tools-for-stm32.14.3.rel1.linux64_1.0.100.202602081740/tools/bin/../lib/gcc/arm-none-eabi/14.3.1/../../../../arm-none-eabi/lib/thumb/v7e-m+fp/hard/libc_nano.a(libc_a-closer.o)
                0x0800a41c                _close_r
 .text._reclaim_reent
                0x0800a43c       0xbc /home/davi/st/stm32cubeide_2.1.1/plugins/com.st.stm32cube.ide.mcu.externaltools.gnu-tools-for-stm32.14.3.rel1.linux64_1.0.100.202602081740/tools/bin/../lib/gcc/arm-none-eabi/14.3.1/../../../../arm-none-eabi/lib/thumb/v7e-m+fp/hard/libc_nano.a(libc_a-reent.o)
                0x0800a43c                _reclaim_reent
 .text._lseek_r
                0x0800a4f8       0x24 /home/davi/st/stm32cubeide_2.1.1/plugins/com.st.stm32cube.ide.mcu.externaltools.gnu-tools-for-stm32.14.3.rel1.linux64_1.0.100.202602081740/tools/bin/../lib/gcc/arm-none-eabi/14.3.1/../../../../arm-none-eabi/lib/thumb/v7e-m+fp/hard/libc_nano.a(libc_a-lseekr.o)
                0x0800a4f8                _lseek_r
 .text._read_r  0x0800a51c       0x24 /home/davi/st/stm32cubeide_2.1.1/plugins/com.st.stm32cube.ide.mcu.externaltools.gnu-tools-for-stm32.14.3.rel1.linux64_1.0.100.202602081740/tools/bin/../lib/gcc/arm-none-eabi/14.3.1/../../../../arm-none-eabi/lib/thumb/v7e-m+fp/hard/libc_nano.a(libc_a-readr.o)
                0x0800a51c                _read_r
 .text._write_r
                0x0800a540       0x24 /home/davi/st/stm32cubeide_2.1.1/plugins/com.st.stm32cube.ide.mcu.externaltools.gnu-tools-for-stm32.14.3.rel1.linux64_1.0.100.202602081740/tools/bin/../lib/gcc/arm-none-eabi/14.3.1/../../../../arm-none-eabi/lib/thumb/v7e-m+fp/hard/libc_nano.a(libc_a-writer.o)
                0x0800a540                _write_r
 .text.__errno  0x0800a564        0xc /home/davi/st/stm32cubeide_2.1.1/plugins/com.st.stm32cube.ide.mcu.externaltools.gnu-tools-for-stm32.14.3.rel1.linux64_1.0.100.202602081740/tools/bin/../lib/gcc/arm-none-eabi/14.3.1/../../../../arm-none-eabi/lib/thumb/v7e-m+fp/hard/libc_nano.a(libc_a-errno.o)
                0x0800a564                __errno
 .text.__libc_init_array
                0x0800a570       0x48 /home/davi/st/stm32cubeide_2.1.1/plugins/com.st.stm32cube.ide.mcu.externaltools.gnu-tools-for-stm32.14.3.rel1.linux64_1.0.100.202602081740/tools/bin/../lib/gcc/arm-none-eabi/14.3.1/../../../../arm-none-eabi/lib/thumb/v7e-m+fp/hard/libc_nano.a(libc_a-init.o)
                0x0800a570                __libc_init_array
 .text.__retarget_lock_init_recursive
                0x0800a5b8        0x2 /home/davi/st/stm32cubeide_2.1.1/plugins/com.st.stm32cube.ide.mcu.externaltools.gnu-tools-for-stm32.14.3.rel1.linux64_1.0.100.202602081740/tools/bin/../lib/gcc/arm-none-eabi/14.3.1/../../../../arm-none-eabi/lib/thumb/v7e-m+fp/hard/libc_nano.a(libc_a-lock.o)
                0x0800a5b8                __retarget_lock_init_recursive
 .text.__retarget_lock_acquire_recursive
                0x0800a5ba        0x2 /home/davi/st/stm32cubeide_2.1.1/plugins/com.st.stm32cube.ide.mcu.externaltools.gnu-tools-for-stm32.14.3.rel1.linux64_1.0.100.202602081740/tools/bin/../lib/gcc/arm-none-eabi/14.3.1/../../../../arm-none-eabi/lib/thumb/v7e-m+fp/hard/libc_nano.a(libc_a-lock.o)
                0x0800a5ba                __retarget_lock_acquire_recursive
 .text.__retarget_lock_release_recursive
                0x0800a5bc        0x2 /home/davi/st/stm32cubeide_2.1.1/plugins/com.st.stm32cube.ide.mcu.externaltools.gnu-tools-for-stm32.14.3.rel1.linux64_1.0.100.202602081740/tools/bin/../lib/gcc/arm-none-eabi/14.3.1/../../../../arm-none-eabi/lib/thumb/v7e-m+fp/hard/libc_nano.a(libc_a-lock.o)
                0x0800a5bc                __retarget_lock_release_recursive
 .text.memcpy   0x0800a5be       0x1c /home/davi/st/stm32cubeide_2.1.1/plugins/com.st.stm32cube.ide.mcu.externaltools.gnu-tools-for-stm32.14.3.rel1.linux64_1.0.100.202602081740/tools/bin/../lib/gcc/arm-none-eabi/14.3.1/../../../../arm-none-eabi/lib/thumb/v7e-m+fp/hard/libc_nano.a(libc_a-memcpy-stub.o)
                0x0800a5be                memcpy
 *fill*         0x0800a5da        0x2 
 .text._free_r  0x0800a5dc       0x94 /home/davi/st/stm32cubeide_2.1.1/plugins/com.st.stm32cube.ide.mcu.externaltools.gnu-tools-for-stm32.14.3.rel1.linux64_1.0.100.202602081740/tools/bin/../lib/gcc/arm-none-eabi/14.3.1/../../../../arm-none-eabi/lib/thumb/v7e-m+fp/hard/libc_nano.a(libc_a-freer.o)
                0x0800a5dc                _free_r
 .text.sbrk_aligned
                0x0800a670       0x44 /home/davi/st/stm32cubeide_2.1.1/plugins/com.st.stm32cube.ide.mcu.externaltools.gnu-tools-for-stm32.14.3.rel1.linux64_1.0.100.202602081740/tools/bin/../lib/gcc/arm-none-eabi/14.3.1/../../../../arm-none-eabi/lib/thumb/v7e-m+fp/hard/libc_nano.a(libc_a-mallocr.o)
 .text._malloc_r
                0x0800a6b4      0x100 /home/davi/st/stm32cubeide_2.1.1/plugins/com.st.stm32cube.ide.mcu.externaltools.gnu-tools-for-stm32.14.3.rel1.linux64_1.0.100.202602081740/tools/bin/../lib/gcc/arm-none-eabi/14.3.1/../../../../arm-none-eabi/lib/thumb/v7e-m+fp/hard/libc_nano.a(libc_a-mallocr.o)
                0x0800a6b4                _malloc_r
 .text.__malloc_lock
                0x0800a7b4        0xc /home/davi/st/stm32cubeide_2.1.1/plugins/com.st.stm32cube.ide.mcu.externaltools.gnu-tools-for-stm32.14.3.rel1.linux64_1.0.100.202602081740/tools/bin/../lib/gcc/arm-none-eabi/14.3.1/../../../../arm-none-eabi/lib/thumb/v7e-m+fp/hard/libc_nano.a(libc_a-mlock.o)
                0x0800a7b4                __malloc_lock
 .text.__malloc_unlock
                0x0800a7c0        0xc /home/davi/st/stm32cubeide_2.1.1/plugins/com.st.stm32cube.ide.mcu.externaltools.gnu-tools-for-stm32.14.3.rel1.linux64_1.0.100.202602081740/tools/bin/../lib/gcc/arm-none-eabi/14.3.1/../../../../arm-none-eabi/lib/thumb/v7e-m+fp/hard/libc_nano.a(libc_a-mlock.o)
                0x0800a7c0                __malloc_unlock
 .text.__sfputc_r
                0x0800a7cc       0x2e /home/davi/st/stm32cubeide_2.1.1/plugins/com.st.stm32cube.ide.mcu.externaltools.gnu-tools-for-stm32.14.3.rel1.linux64_1.0.100.202602081740/tools/bin/../lib/gcc/arm-none-eabi/14.3.1/../../../../arm-none-eabi/lib/thumb/v7e-m+fp/hard/libc_nano.a(libc_a-nano-vfprintf.o)
 .text.__sfputs_r
                0x0800a7fa       0x24 /home/davi/st/stm32cubeide_2.1.1/plugins/com.st.stm32cube.ide.mcu.externaltools.gnu-tools-for-stm32.14.3.rel1.linux64_1.0.100.202602081740/tools/bin/../lib/gcc/arm-none-eabi/14.3.1/../../../../arm-none-eabi/lib/thumb/v7e-m+fp/hard/libc_nano.a(libc_a-nano-vfprintf.o)
                0x0800a7fa                __sfputs_r
 *fill*         0x0800a81e        0x2 
 .text._vfprintf_r
                0x0800a820      0x228 /home/davi/st/stm32cubeide_2.1.1/plugins/com.st.stm32cube.ide.mcu.externaltools.gnu-tools-for-stm32.14.3.rel1.linux64_1.0.100.202602081740/tools/bin/../lib/gcc/arm-none-eabi/14.3.1/../../../../arm-none-eabi/lib/thumb/v7e-m+fp/hard/libc_nano.a(libc_a-nano-vfprintf.o)
                0x0800a820                _vfiprintf_r
                0x0800a820                _vfprintf_r
 .text._printf_common
                0x0800aa48       0xda /home/davi/st/stm32cubeide_2.1.1/plugins/com.st.stm32cube.ide.mcu.externaltools.gnu-tools-for-stm32.14.3.rel1.linux64_1.0.100.202602081740/tools/bin/../lib/gcc/arm-none-eabi/14.3.1/../../../../arm-none-eabi/lib/thumb/v7e-m+fp/hard/libc_nano.a(libc_a-nano-vfprintf_i.o)
                0x0800aa48                _printf_common
 *fill*         0x0800ab22        0x2 
 .text._printf_i
                0x0800ab24      0x24c /home/davi/st/stm32cubeide_2.1.1/plugins/com.st.stm32cube.ide.mcu.externaltools.gnu-tools-for-stm32.14.3.rel1.linux64_1.0.100.202602081740/tools/bin/../lib/gcc/arm-none-eabi/14.3.1/../../../../arm-none-eabi/lib/thumb/v7e-m+fp/hard/libc_nano.a(libc_a-nano-vfprintf_i.o)
                0x0800ab24                _printf_i
 .text.__sflush_r
                0x0800ad70      0x104 /home/davi/st/stm32cubeide_2.1.1/plugins/com.st.stm32cube.ide.mcu.externaltools.gnu-tools-for-stm32.14.3.rel1.linux64_1.0.100.202602081740/tools/bin/../lib/gcc/arm-none-eabi/14.3.1/../../../../arm-none-eabi/lib/thumb/v7e-m+fp/hard/libc_nano.a(libc_a-fflush.o)
                0x0800ad70                __sflush_r
 .text._fflush_r
                0x0800ae74       0x50 /home/davi/st/stm32cubeide_2.1.1/plugins/com.st.stm32cube.ide.mcu.externaltools.gnu-tools-for-stm32.14.3.rel1.linux64_1.0.100.202602081740/tools/bin/../lib/gcc/arm-none-eabi/14.3.1/../../../../arm-none-eabi/lib/thumb/v7e-m+fp/hard/libc_nano.a(libc_a-fflush.o)
                0x0800ae74                _fflush_r
 .text.__swbuf_r
                0x0800aec4       0x7c /home/davi/st/stm32cubeide_2.1.1/plugins/com.st.stm32cube.ide.mcu.externaltools.gnu-tools-for-stm32.14.3.rel1.linux64_1.0.100.202602081740/tools/bin/../lib/gcc/arm-none-eabi/14.3.1/../../../../arm-none-eabi/lib/thumb/v7e-m+fp/hard/libc_nano.a(libc_a-wbuf.o)
                0x0800aec4                __swbuf_r
 .text.__swsetup_r
                0x0800af40       0xa8 /home/davi/st/stm32cubeide_2.1.1/plugins/com.st.stm32cube.ide.mcu.externaltools.gnu-tools-for-stm32.14.3.rel1.linux64_1.0.100.202602081740/tools/bin/../lib/gcc/arm-none-eabi/14.3.1/../../../../arm-none-eabi/lib/thumb/v7e-m+fp/hard/libc_nano.a(libc_a-wsetup.o)
                0x0800af40                __swsetup_r
 .text._sbrk_r  0x0800afe8       0x20 /home/davi/st/stm32cubeide_2.1.1/plugins/com.st.stm32cube.ide.mcu.externaltools.gnu-tools-for-stm32.14.3.rel1.linux64_1.0.100.202602081740/tools/bin/../lib/gcc/arm-none-eabi/14.3.1/../../../../arm-none-eabi/lib/thumb/v7e-m+fp/hard/libc_nano.a(libc_a-sbrkr.o)
                0x0800afe8                _sbrk_r
 .text.__swhatbuf_r
                0x0800b008       0x48 /home/davi/st/stm32cubeide_2.1.1/plugins/com.st.stm32cube.ide.mcu.externaltools.gnu-tools-for-stm32.14.3.rel1.linux64_1.0.100.202602081740/tools/bin/../lib/gcc/arm-none-eabi/14.3.1/../../../../arm-none-eabi/lib/thumb/v7e-m+fp/hard/libc_nano.a(libc_a-makebuf.o)
                0x0800b008                __swhatbuf_r
 .text.__smakebuf_r
                0x0800b050       0x72 /home/davi/st/stm32cubeide_2.1.1/plugins/com.st.stm32cube.ide.mcu.externaltools.gnu-tools-for-stm32.14.3.rel1.linux64_1.0.100.202602081740/tools/bin/../lib/gcc/arm-none-eabi/14.3.1/../../../../arm-none-eabi/lib/thumb/v7e-m+fp/hard/libc_nano.a(libc_a-makebuf.o)
                0x0800b050                __smakebuf_r
 *fill*         0x0800b0c2        0x2 
 .text._fstat_r
                0x0800b0c4       0x24 /home/davi/st/stm32cubeide_2.1.1/plugins/com.st.stm32cube.ide.mcu.externaltools.gnu-tools-for-stm32.14.3.rel1.linux64_1.0.100.202602081740/tools/bin/../lib/gcc/arm-none-eabi/14.3.1/../../../../arm-none-eabi/lib/thumb/v7e-m+fp/hard/libc_nano.a(libc_a-fstatr.o)
                0x0800b0c4                _fstat_r
 .text._isatty_r
                0x0800b0e8       0x20 /home/davi/st/stm32cubeide_2.1.1/plugins/com.st.stm32cube.ide.mcu.externaltools.gnu-tools-for-stm32.14.3.rel1.linux64_1.0.100.202602081740/tools/bin/../lib/gcc/arm-none-eabi/14.3.1/../../../../arm-none-eabi/lib/thumb/v7e-m+fp/hard/libc_nano.a(libc_a-isattyr.o)
                0x0800b0e8                _isatty_r
 *(.glue_7)
 .glue_7        0x0800b108        0x0 linker stubs
 *(.glue_7t)
 .glue_7t       0x0800b108        0x0 linker stubs
 *(.eh_frame)
 .eh_frame      0x0800b108        0x0 /home/davi/st/stm32cubeide_2.1.1/plugins/com.st.stm32cube.ide.mcu.externaltools.gnu-tools-for-stm32.14.3.rel1.linux64_1.0.100.202602081740/tools/bin/../lib/gcc/arm-none-eabi/14.3.1/thumb/v7e-m+fp/hard/crtbegin.o
 *(.init)
 .init          0x0800b108        0x4 /home/davi/st/stm32cubeide_2.1.1/plugins/com.st.stm32cube.ide.mcu.externaltools.gnu-tools-for-stm32.14.3.rel1.linux64_1.0.100.202602081740/tools/bin/../lib/gcc/arm-none-eabi/14.3.1/thumb/v7e-m+fp/hard/crti.o
                0x0800b108                _init
 .init          0x0800b10c        0x8 /home/davi/st/stm32cubeide_2.1.1/plugins/com.st.stm32cube.ide.mcu.externaltools.gnu-tools-for-stm32.14.3.rel1.linux64_1.0.100.202602081740/tools/bin/../lib/gcc/arm-none-eabi/14.3.1/thumb/v7e-m+fp/hard/crtn.o
 *(.fini)
 .fini          0x0800b114        0x4 /home/davi/st/stm32cubeide_2.1.1/plugins/com.st.stm32cube.ide.mcu.externaltools.gnu-tools-for-stm32.14.3.rel1.linux64_1.0.100.202602081740/tools/bin/../lib/gcc/arm-none-eabi/14.3.1/thumb/v7e-m+fp/hard/crti.o
                0x0800b114                _fini
 .fini          0x0800b118        0x8 /home/davi/st/stm32cubeide_2.1.1/plugins/com.st.stm32cube.ide.mcu.externaltools.gnu-tools-for-stm32.14.3.rel1.linux64_1.0.100.202602081740/tools/bin/../lib/gcc/arm-none-eabi/14.3.1/thumb/v7e-m+fp/hard/crtn.o
                0x0800b120                        . = ALIGN (0x4)
                0x0800b120                        _etext = .

.vfp11_veneer   0x0800b120        0x0
 .vfp11_veneer  0x0800b120        0x0 linker stubs

.v4_bx          0x0800b120        0x0
 .v4_bx         0x0800b120        0x0 linker stubs

.iplt           0x0800b120        0x0
 .iplt          0x0800b120        0x0 /home/davi/st/stm32cubeide_2.1.1/plugins/com.st.stm32cube.ide.mcu.externaltools.gnu-tools-for-stm32.14.3.rel1.linux64_1.0.100.202602081740/tools/bin/../lib/gcc/arm-none-eabi/14.3.1/thumb/v7e-m+fp/hard/crtbegin.o

.rodata         0x0800b120      0x334
                0x0800b120                        . = ALIGN (0x4)
 *(.rodata)
 .rodata        0x0800b120      0x133 ./Core/Src/main.o
 *fill*         0x0800b253        0x1 
 .rodata        0x0800b254        0x5 ./Middlewares/Third_Party/FreeRTOS/Source/tasks.o
 *fill*         0x0800b259        0x3 
 .rodata        0x0800b25c        0xd ./Middlewares/Third_Party/FreeRTOS/Source/timers.o
 *(.rodata*)
 *fill*         0x0800b269        0x3 
 .rodata.mainTask_attributes
                0x0800b26c       0x24 ./Core/Src/main.o
                0x0800b26c                mainTask_attributes
 .rodata.housekeepTask_attributes
                0x0800b290       0x24 ./Core/Src/main.o
                0x0800b290                housekeepTask_attributes
 .rodata.transmitTask_attributes
                0x0800b2b4       0x24 ./Core/Src/main.o
                0x0800b2b4                transmitTask_attributes
 .rodata.receiveTask_attributes
                0x0800b2d8       0x24 ./Core/Src/main.o
                0x0800b2d8                receiveTask_attributes
 .rodata.deployTask_attributes
                0x0800b2fc       0x24 ./Core/Src/main.o
                0x0800b2fc                deployTask_attributes
 .rodata.detumblingTask_attributes
                0x0800b320       0x24 ./Core/Src/main.o
                0x0800b320                detumblingTask_attributes
 .rodata.missionTask_attributes
                0x0800b344       0x24 ./Core/Src/main.o
                0x0800b344                missionTask_attributes
 .rodata.eventQueue_attributes
                0x0800b368       0x18 ./Core/Src/main.o
                0x0800b368                eventQueue_attributes
 .rodata.transmitQueue_attributes
                0x0800b380       0x18 ./Core/Src/main.o
                0x0800b380                transmitQueue_attributes
 .rodata.HkTickTimer_attributes
                0x0800b398       0x10 ./Core/Src/main.o
                0x0800b398                HkTickTimer_attributes
 .rodata.TcSlotTimer_attributes
                0x0800b3a8       0x10 ./Core/Src/main.o
                0x0800b3a8                TcSlotTimer_attributes
 .rodata.TcSlotOffsetTimer_attributes
                0x0800b3b8       0x10 ./Core/Src/main.o
                0x0800b3b8                TcSlotOffsetTimer_attributes
 .rodata.uartMutex_attributes
                0x0800b3c8       0x10 ./Core/Src/main.o
                0x0800b3c8                uartMutex_attributes
 .rodata.AHBPrescTable
                0x0800b3d8       0x10 ./Core/Src/system_stm32l4xx.o
                0x0800b3d8                AHBPrescTable
 .rodata.APBPrescTable
                0x0800b3e8        0x8 ./Core/Src/system_stm32l4xx.o
                0x0800b3e8                APBPrescTable
 .rodata.MSIRangeTable
                0x0800b3f0       0x30 ./Core/Src/system_stm32l4xx.o
                0x0800b3f0                MSIRangeTable
 .rodata._vfprintf_r.str1.1
                0x0800b420       0x33 /home/davi/st/stm32cubeide_2.1.1/plugins/com.st.stm32cube.ide.mcu.externaltools.gnu-tools-for-stm32.14.3.rel1.linux64_1.0.100.202602081740/tools/bin/../lib/gcc/arm-none-eabi/14.3.1/../../../../arm-none-eabi/lib/thumb/v7e-m+fp/hard/libc_nano.a(libc_a-nano-vfprintf.o)
                                 0x11 (size before relaxing)
 .rodata._printf_i.str1.1
                0x0800b453       0x22 /home/davi/st/stm32cubeide_2.1.1/plugins/com.st.stm32cube.ide.mcu.externaltools.gnu-tools-for-stm32.14.3.rel1.linux64_1.0.100.202602081740/tools/bin/../lib/gcc/arm-none-eabi/14.3.1/../../../../arm-none-eabi/lib/thumb/v7e-m+fp/hard/libc_nano.a(libc_a-nano-vfprintf_i.o)
                0x0800b478                        . = ALIGN (0x4)
 *fill*         0x0800b453        0x1 

.ARM.extab      0x0800b454        0x0
                0x0800b454                        . = ALIGN (0x4)
 *(.ARM.extab* .gnu.linkonce.armextab.*)
                0x0800b454                        . = ALIGN (0x4)

.ARM            0x0800b454        0x8
                0x0800b454                        . = ALIGN (0x4)
                0x0800b454                        __exidx_start = .
 *(.ARM.exidx*)
 .ARM.exidx     0x0800b454        0x8 /home/davi/st/stm32cubeide_2.1.1/plugins/com.st.stm32cube.ide.mcu.externaltools.gnu-tools-for-stm32.14.3.rel1.linux64_1.0.100.202602081740/tools/bin/../lib/gcc/arm-none-eabi/14.3.1/../../../../arm-none-eabi/lib/thumb/v7e-m+fp/hard/libc_nano.a(libc_a-memchr.o)
 .ARM.exidx     0x0800b45c        0x0 /home/davi/st/stm32cubeide_2.1.1/plugins/com.st.stm32cube.ide.mcu.externaltools.gnu-tools-for-stm32.14.3.rel1.linux64_1.0.100.202602081740/tools/bin/../lib/gcc/arm-none-eabi/14.3.1/thumb/v7e-m+fp/hard/libgcc.a(_udivmoddi4.o)
                                  0x8 (size before relaxing)
                0x0800b45c                        __exidx_end = .
                0x0800b45c                        . = ALIGN (0x4)

.preinit_array  0x0800b45c        0x0
                0x0800b45c                        . = ALIGN (0x4)
                0x0800b45c                        PROVIDE (__preinit_array_start = .)
 *(.preinit_array*)
                0x0800b45c                        PROVIDE (__preinit_array_end = .)
                0x0800b45c                        . = ALIGN (0x4)

.init_array     0x0800b45c        0x4
                0x0800b45c                        . = ALIGN (0x4)
                0x0800b45c                        PROVIDE (__init_array_start = .)
 *(SORT_BY_NAME(.init_array.*))
 *(.init_array*)
 .init_array    0x0800b45c        0x4 /home/davi/st/stm32cubeide_2.1.1/plugins/com.st.stm32cube.ide.mcu.externaltools.gnu-tools-for-stm32.14.3.rel1.linux64_1.0.100.202602081740/tools/bin/../lib/gcc/arm-none-eabi/14.3.1/thumb/v7e-m+fp/hard/crtbegin.o
                0x0800b460                        PROVIDE (__init_array_end = .)
                0x0800b460                        . = ALIGN (0x4)

.fini_array     0x0800b460        0x4
                0x0800b460                        . = ALIGN (0x4)
                [!provide]                        PROVIDE (__fini_array_start = .)
 *(SORT_BY_NAME(.fini_array.*))
 *(.fini_array*)
 .fini_array    0x0800b460        0x4 /home/davi/st/stm32cubeide_2.1.1/plugins/com.st.stm32cube.ide.mcu.externaltools.gnu-tools-for-stm32.14.3.rel1.linux64_1.0.100.202602081740/tools/bin/../lib/gcc/arm-none-eabi/14.3.1/thumb/v7e-m+fp/hard/crtbegin.o
                [!provide]                        PROVIDE (__fini_array_end = .)
                0x0800b464                        . = ALIGN (0x4)
                0x0800b464                        _sidata = LOADADDR (.data)

.rel.dyn        0x0800b464        0x0
 .rel.iplt      0x0800b464        0x0 /home/davi/st/stm32cubeide_2.1.1/plugins/com.st.stm32cube.ide.mcu.externaltools.gnu-tools-for-stm32.14.3.rel1.linux64_1.0.100.202602081740/tools/bin/../lib/gcc/arm-none-eabi/14.3.1/thumb/v7e-m+fp/hard/crtbegin.o

.data           0x20000000       0x6c load address 0x0800b464
                0x20000000                        . = ALIGN (0x4)
                0x20000000                        _sdata = .
 *(.data)
 *(.data*)
 .data.SystemCoreClock
                0x20000000        0x4 ./Core/Src/system_stm32l4xx.o
                0x20000000                SystemCoreClock
 .data.uwTickPrio
                0x20000004        0x4 ./Drivers/STM32L4xx_HAL_Driver/Src/stm32l4xx_hal.o
                0x20000004                uwTickPrio
 .data.uwTickFreq
                0x20000008        0x1 ./Drivers/STM32L4xx_HAL_Driver/Src/stm32l4xx_hal.o
                0x20000008                uwTickFreq
 *fill*         0x20000009        0x3 
 .data.uxCriticalNesting
                0x2000000c        0x4 ./Middlewares/Third_Party/FreeRTOS/Source/portable/GCC/ARM_CM4F/port.o
 .data.__sglue  0x20000010        0xc /home/davi/st/stm32cubeide_2.1.1/plugins/com.st.stm32cube.ide.mcu.externaltools.gnu-tools-for-stm32.14.3.rel1.linux64_1.0.100.202602081740/tools/bin/../lib/gcc/arm-none-eabi/14.3.1/../../../../arm-none-eabi/lib/thumb/v7e-m+fp/hard/libc_nano.a(libc_a-findfp.o)
                0x20000010                __sglue
 .data._impure_ptr
                0x2000001c        0x4 /home/davi/st/stm32cubeide_2.1.1/plugins/com.st.stm32cube.ide.mcu.externaltools.gnu-tools-for-stm32.14.3.rel1.linux64_1.0.100.202602081740/tools/bin/../lib/gcc/arm-none-eabi/14.3.1/../../../../arm-none-eabi/lib/thumb/v7e-m+fp/hard/libc_nano.a(libc_a-impure.o)
                0x2000001c                _impure_ptr
 .data._impure_data
                0x20000020       0x4c /home/davi/st/stm32cubeide_2.1.1/plugins/com.st.stm32cube.ide.mcu.externaltools.gnu-tools-for-stm32.14.3.rel1.linux64_1.0.100.202602081740/tools/bin/../lib/gcc/arm-none-eabi/14.3.1/../../../../arm-none-eabi/lib/thumb/v7e-m+fp/hard/libc_nano.a(libc_a-impure.o)
                0x20000020                _impure_data
 *(.RamFunc)
 *(.RamFunc*)
                0x2000006c                        . = ALIGN (0x4)
                0x2000006c                        _edata = .

.igot.plt       0x2000006c        0x0 load address 0x0800b4d0
 .igot.plt      0x2000006c        0x0 /home/davi/st/stm32cubeide_2.1.1/plugins/com.st.stm32cube.ide.mcu.externaltools.gnu-tools-for-stm32.14.3.rel1.linux64_1.0.100.202602081740/tools/bin/../lib/gcc/arm-none-eabi/14.3.1/thumb/v7e-m+fp/hard/crtbegin.o
                0x2000006c                        . = ALIGN (0x4)

.bss            0x2000006c     0x3190 load address 0x0800b4d0
                0x2000006c                        _sbss = .
                0x2000006c                        __bss_start__ = _sbss
 *(.bss)
 .bss           0x2000006c       0x1c /home/davi/st/stm32cubeide_2.1.1/plugins/com.st.stm32cube.ide.mcu.externaltools.gnu-tools-for-stm32.14.3.rel1.linux64_1.0.100.202602081740/tools/bin/../lib/gcc/arm-none-eabi/14.3.1/thumb/v7e-m+fp/hard/crtbegin.o
 *(.bss*)
 .bss.hi2c1     0x20000088       0x54 ./Core/Src/main.o
                0x20000088                hi2c1
 .bss.huart2    0x200000dc       0x88 ./Core/Src/main.o
                0x200000dc                huart2
 .bss.mainTaskHandle
                0x20000164        0x4 ./Core/Src/main.o
                0x20000164                mainTaskHandle
 .bss.housekeepTaskHandle
                0x20000168        0x4 ./Core/Src/main.o
                0x20000168                housekeepTaskHandle
 .bss.transmitTaskHandle
                0x2000016c        0x4 ./Core/Src/main.o
                0x2000016c                transmitTaskHandle
 .bss.receiveTaskHandle
                0x20000170        0x4 ./Core/Src/main.o
                0x20000170                receiveTaskHandle
 .bss.deployTaskHandle
                0x20000174        0x4 ./Core/Src/main.o
                0x20000174                deployTaskHandle
 .bss.detumblingTaskHandle
                0x20000178        0x4 ./Core/Src/main.o
                0x20000178                detumblingTaskHandle
 .bss.missionTaskHandle
                0x2000017c        0x4 ./Core/Src/main.o
                0x2000017c                missionTaskHandle
 .bss.eventQueueHandle
                0x20000180        0x4 ./Core/Src/main.o
                0x20000180                eventQueueHandle
 .bss.transmitQueueHandle
                0x20000184        0x4 ./Core/Src/main.o
                0x20000184                transmitQueueHandle
 .bss.HkTickTimerHandle
                0x20000188        0x4 ./Core/Src/main.o
                0x20000188                HkTickTimerHandle
 .bss.TcSlotTimerHandle
                0x2000018c        0x4 ./Core/Src/main.o
                0x2000018c                TcSlotTimerHandle
 .bss.TcSlotOffsetTimerHandle
                0x20000190        0x4 ./Core/Src/main.o
                0x20000190                TcSlotOffsetTimerHandle
 .bss.uartMutexHandle
                0x20000194        0x4 ./Core/Src/main.o
                0x20000194                uartMutexHandle
 .bss.BMEBat.2  0x20000198       0x8c ./Core/Src/main.o
 .bss.telemetryPacket.1
                0x20000224       0x4f ./Core/Src/main.o
 .bss.tc.0      0x20000273        0x1 ./Core/Src/main.o
 .bss.htim6     0x20000274       0x4c ./Core/Src/stm32l4xx_hal_timebase_tim.o
                0x20000274                htim6
 .bss.__sbrk_heap_end
                0x200002c0        0x4 ./Core/Src/sysmem.o
 .bss.uwTick    0x200002c4        0x4 ./Drivers/STM32L4xx_HAL_Driver/Src/stm32l4xx_hal.o
                0x200002c4                uwTick
 .bss.KernelState
                0x200002c8        0x4 ./Middlewares/Third_Party/FreeRTOS/Source/CMSIS_RTOS_V2/cmsis_os2.o
 .bss.Idle_TCB.3
                0x200002cc       0xa8 ./Middlewares/Third_Party/FreeRTOS/Source/CMSIS_RTOS_V2/cmsis_os2.o
 .bss.Idle_Stack.2
                0x20000374      0x200 ./Middlewares/Third_Party/FreeRTOS/Source/CMSIS_RTOS_V2/cmsis_os2.o
 .bss.Timer_TCB.1
                0x20000574       0xa8 ./Middlewares/Third_Party/FreeRTOS/Source/CMSIS_RTOS_V2/cmsis_os2.o
 .bss.Timer_Stack.0
                0x2000061c      0x400 ./Middlewares/Third_Party/FreeRTOS/Source/CMSIS_RTOS_V2/cmsis_os2.o
 .bss.xQueueRegistry
                0x20000a1c       0x40 ./Middlewares/Third_Party/FreeRTOS/Source/queue.o
                0x20000a1c                xQueueRegistry
 .bss.pxCurrentTCB
                0x20000a5c        0x4 ./Middlewares/Third_Party/FreeRTOS/Source/tasks.o
                0x20000a5c                pxCurrentTCB
 .bss.pxReadyTasksLists
                0x20000a60      0x460 ./Middlewares/Third_Party/FreeRTOS/Source/tasks.o
 .bss.xDelayedTaskList1
                0x20000ec0       0x14 ./Middlewares/Third_Party/FreeRTOS/Source/tasks.o
 .bss.xDelayedTaskList2
                0x20000ed4       0x14 ./Middlewares/Third_Party/FreeRTOS/Source/tasks.o
 .bss.pxDelayedTaskList
                0x20000ee8        0x4 ./Middlewares/Third_Party/FreeRTOS/Source/tasks.o
 .bss.pxOverflowDelayedTaskList
                0x20000eec        0x4 ./Middlewares/Third_Party/FreeRTOS/Source/tasks.o
 .bss.xPendingReadyList
                0x20000ef0       0x14 ./Middlewares/Third_Party/FreeRTOS/Source/tasks.o
 .bss.xTasksWaitingTermination
                0x20000f04       0x14 ./Middlewares/Third_Party/FreeRTOS/Source/tasks.o
 .bss.uxDeletedTasksWaitingCleanUp
                0x20000f18        0x4 ./Middlewares/Third_Party/FreeRTOS/Source/tasks.o
 .bss.xSuspendedTaskList
                0x20000f1c       0x14 ./Middlewares/Third_Party/FreeRTOS/Source/tasks.o
 .bss.uxCurrentNumberOfTasks
                0x20000f30        0x4 ./Middlewares/Third_Party/FreeRTOS/Source/tasks.o
 .bss.xTickCount
                0x20000f34        0x4 ./Middlewares/Third_Party/FreeRTOS/Source/tasks.o
 .bss.uxTopReadyPriority
                0x20000f38        0x4 ./Middlewares/Third_Party/FreeRTOS/Source/tasks.o
 .bss.xSchedulerRunning
                0x20000f3c        0x4 ./Middlewares/Third_Party/FreeRTOS/Source/tasks.o
 .bss.xPendedTicks
                0x20000f40        0x4 ./Middlewares/Third_Party/FreeRTOS/Source/tasks.o
 .bss.xYieldPending
                0x20000f44        0x4 ./Middlewares/Third_Party/FreeRTOS/Source/tasks.o
 .bss.xNumOfOverflows
                0x20000f48        0x4 ./Middlewares/Third_Party/FreeRTOS/Source/tasks.o
 .bss.uxTaskNumber
                0x20000f4c        0x4 ./Middlewares/Third_Party/FreeRTOS/Source/tasks.o
 .bss.xNextTaskUnblockTime
                0x20000f50        0x4 ./Middlewares/Third_Party/FreeRTOS/Source/tasks.o
 .bss.xIdleTaskHandle
                0x20000f54        0x4 ./Middlewares/Third_Party/FreeRTOS/Source/tasks.o
 .bss.uxSchedulerSuspended
                0x20000f58        0x4 ./Middlewares/Third_Party/FreeRTOS/Source/tasks.o
 .bss.xActiveTimerList1
                0x20000f5c       0x14 ./Middlewares/Third_Party/FreeRTOS/Source/timers.o
 .bss.xActiveTimerList2
                0x20000f70       0x14 ./Middlewares/Third_Party/FreeRTOS/Source/timers.o
 .bss.pxCurrentTimerList
                0x20000f84        0x4 ./Middlewares/Third_Party/FreeRTOS/Source/timers.o
 .bss.pxOverflowTimerList
                0x20000f88        0x4 ./Middlewares/Third_Party/FreeRTOS/Source/timers.o
 .bss.xTimerQueue
                0x20000f8c        0x4 ./Middlewares/Third_Party/FreeRTOS/Source/timers.o
 .bss.xTimerTaskHandle
                0x20000f90        0x4 ./Middlewares/Third_Party/FreeRTOS/Source/timers.o
 .bss.xLastTime.2
                0x20000f94        0x4 ./Middlewares/Third_Party/FreeRTOS/Source/timers.o
 .bss.ucStaticTimerQueueStorage.1
                0x20000f98       0xa0 ./Middlewares/Third_Party/FreeRTOS/Source/timers.o
 .bss.xStaticTimerQueue.0
                0x20001038       0x50 ./Middlewares/Third_Party/FreeRTOS/Source/timers.o
 .bss.ucMaxSysCallPriority
                0x20001088        0x1 ./Middlewares/Third_Party/FreeRTOS/Source/portable/GCC/ARM_CM4F/port.o
 *fill*         0x20001089        0x3 
 .bss.ulMaxPRIGROUPValue
                0x2000108c        0x4 ./Middlewares/Third_Party/FreeRTOS/Source/portable/GCC/ARM_CM4F/port.o
 .bss.ucHeap    0x20001090     0x2000 ./Middlewares/Third_Party/FreeRTOS/Source/portable/MemMang/heap_4.o
 .bss.xStart    0x20003090        0x8 ./Middlewares/Third_Party/FreeRTOS/Source/portable/MemMang/heap_4.o
 .bss.pxEnd     0x20003098        0x4 ./Middlewares/Third_Party/FreeRTOS/Source/portable/MemMang/heap_4.o
 .bss.xFreeBytesRemaining
                0x2000309c        0x4 ./Middlewares/Third_Party/FreeRTOS/Source/portable/MemMang/heap_4.o
 .bss.xMinimumEverFreeBytesRemaining
                0x200030a0        0x4 ./Middlewares/Third_Party/FreeRTOS/Source/portable/MemMang/heap_4.o
 .bss.xNumberOfSuccessfulAllocations
                0x200030a4        0x4 ./Middlewares/Third_Party/FreeRTOS/Source/portable/MemMang/heap_4.o
 .bss.xNumberOfSuccessfulFrees
                0x200030a8        0x4 ./Middlewares/Third_Party/FreeRTOS/Source/portable/MemMang/heap_4.o
 .bss.xBlockAllocatedBit
                0x200030ac        0x4 ./Middlewares/Third_Party/FreeRTOS/Source/portable/MemMang/heap_4.o
 .bss.__sf      0x200030b0      0x138 /home/davi/st/stm32cubeide_2.1.1/plugins/com.st.stm32cube.ide.mcu.externaltools.gnu-tools-for-stm32.14.3.rel1.linux64_1.0.100.202602081740/tools/bin/../lib/gcc/arm-none-eabi/14.3.1/../../../../arm-none-eabi/lib/thumb/v7e-m+fp/hard/libc_nano.a(libc_a-findfp.o)
                0x200030b0                __sf
 .bss.__stdio_exit_handler
                0x200031e8        0x4 /home/davi/st/stm32cubeide_2.1.1/plugins/com.st.stm32cube.ide.mcu.externaltools.gnu-tools-for-stm32.14.3.rel1.linux64_1.0.100.202602081740/tools/bin/../lib/gcc/arm-none-eabi/14.3.1/../../../../arm-none-eabi/lib/thumb/v7e-m+fp/hard/libc_nano.a(libc_a-findfp.o)
                0x200031e8                __stdio_exit_handler
 .bss.errno     0x200031ec        0x4 /home/davi/st/stm32cubeide_2.1.1/plugins/com.st.stm32cube.ide.mcu.externaltools.gnu-tools-for-stm32.14.3.rel1.linux64_1.0.100.202602081740/tools/bin/../lib/gcc/arm-none-eabi/14.3.1/../../../../arm-none-eabi/lib/thumb/v7e-m+fp/hard/libc_nano.a(libc_a-reent.o)
                0x200031ec                errno
 .bss.__lock___malloc_recursive_mutex
                0x200031f0        0x1 /home/davi/st/stm32cubeide_2.1.1/plugins/com.st.stm32cube.ide.mcu.externaltools.gnu-tools-for-stm32.14.3.rel1.linux64_1.0.100.202602081740/tools/bin/../lib/gcc/arm-none-eabi/14.3.1/../../../../arm-none-eabi/lib/thumb/v7e-m+fp/hard/libc_nano.a(libc_a-lock.o)
                0x200031f0                __lock___malloc_recursive_mutex
 .bss.__lock___sfp_recursive_mutex
                0x200031f1        0x1 /home/davi/st/stm32cubeide_2.1.1/plugins/com.st.stm32cube.ide.mcu.externaltools.gnu-tools-for-stm32.14.3.rel1.linux64_1.0.100.202602081740/tools/bin/../lib/gcc/arm-none-eabi/14.3.1/../../../../arm-none-eabi/lib/thumb/v7e-m+fp/hard/libc_nano.a(libc_a-lock.o)
                0x200031f1                __lock___sfp_recursive_mutex
 *fill*         0x200031f2        0x2 
 .bss.__malloc_sbrk_start
                0x200031f4        0x4 /home/davi/st/stm32cubeide_2.1.1/plugins/com.st.stm32cube.ide.mcu.externaltools.gnu-tools-for-stm32.14.3.rel1.linux64_1.0.100.202602081740/tools/bin/../lib/gcc/arm-none-eabi/14.3.1/../../../../arm-none-eabi/lib/thumb/v7e-m+fp/hard/libc_nano.a(libc_a-mallocr.o)
                0x200031f4                __malloc_sbrk_start
 .bss.__malloc_free_list
                0x200031f8        0x4 /home/davi/st/stm32cubeide_2.1.1/plugins/com.st.stm32cube.ide.mcu.externaltools.gnu-tools-for-stm32.14.3.rel1.linux64_1.0.100.202602081740/tools/bin/../lib/gcc/arm-none-eabi/14.3.1/../../../../arm-none-eabi/lib/thumb/v7e-m+fp/hard/libc_nano.a(libc_a-mallocr.o)
                0x200031f8                __malloc_free_list
 *(COMMON)
                0x200031fc                        . = ALIGN (0x4)
                0x200031fc                        _ebss = .
                0x200031fc                        __bss_end__ = _ebss

._user_heap_stack
                0x200031fc      0x604 load address 0x0800b4d0
                0x20003200                        . = ALIGN (0x8)
 *fill*         0x200031fc        0x4 
                [!provide]                        PROVIDE (end = .)
                0x20003200                        PROVIDE (_end = .)
                0x20003400                        . = (. + _Min_Heap_Size)
 *fill*         0x20003200      0x200 
                0x20003800                        . = (. + _Min_Stack_Size)
 *fill*         0x20003400      0x400 
                0x20003800                        . = ALIGN (0x8)

/DISCARD/
 libc.a(*)
 libm.a(*)
 libgcc.a(*)

.ARM.attributes
                0x00000000       0x30
 *(.ARM.attributes)
 .ARM.attributes
                0x00000000       0x22 /home/davi/st/stm32cubeide_2.1.1/plugins/com.st.stm32cube.ide.mcu.externaltools.gnu-tools-for-stm32.14.3.rel1.linux64_1.0.100.202602081740/tools/bin/../lib/gcc/arm-none-eabi/14.3.1/thumb/v7e-m+fp/hard/crti.o
 .ARM.attributes
                0x00000022       0x34 /home/davi/st/stm32cubeide_2.1.1/plugins/com.st.stm32cube.ide.mcu.externaltools.gnu-tools-for-stm32.14.3.rel1.linux64_1.0.100.202602081740/tools/bin/../lib/gcc/arm-none-eabi/14.3.1/thumb/v7e-m+fp/hard/crtbegin.o
 .ARM.attributes
                0x00000056       0x34 ./Core/Src/BME280.o
 .ARM.attributes
                0x0000008a       0x34 ./Core/Src/DS3231.o
 .ARM.attributes
                0x000000be       0x34 ./Core/Src/main.o
 .ARM.attributes
                0x000000f2       0x34 ./Core/Src/stm32l4xx_hal_msp.o
 .ARM.attributes
                0x00000126       0x34 ./Core/Src/stm32l4xx_hal_timebase_tim.o
 .ARM.attributes
                0x0000015a       0x34 ./Core/Src/stm32l4xx_it.o
 .ARM.attributes
                0x0000018e       0x34 ./Core/Src/syscalls.o
 .ARM.attributes
                0x000001c2       0x34 ./Core/Src/sysmem.o
 .ARM.attributes
                0x000001f6       0x34 ./Core/Src/system_stm32l4xx.o
 .ARM.attributes
                0x0000022a       0x21 ./Core/Startup/startup_stm32l476rgtx.o
 .ARM.attributes
                0x0000024b       0x34 ./Drivers/STM32L4xx_HAL_Driver/Src/stm32l4xx_hal.o
 .ARM.attributes
                0x0000027f       0x34 ./Drivers/STM32L4xx_HAL_Driver/Src/stm32l4xx_hal_cortex.o
 .ARM.attributes
                0x000002b3       0x34 ./Drivers/STM32L4xx_HAL_Driver/Src/stm32l4xx_hal_gpio.o
 .ARM.attributes
                0x000002e7       0x34 ./Drivers/STM32L4xx_HAL_Driver/Src/stm32l4xx_hal_i2c.o
 .ARM.attributes
                0x0000031b       0x34 ./Drivers/STM32L4xx_HAL_Driver/Src/stm32l4xx_hal_i2c_ex.o
 .ARM.attributes
                0x0000034f       0x34 ./Drivers/STM32L4xx_HAL_Driver/Src/stm32l4xx_hal_pwr_ex.o
 .ARM.attributes
                0x00000383       0x34 ./Drivers/STM32L4xx_HAL_Driver/Src/stm32l4xx_hal_rcc.o
 .ARM.attributes
                0x000003b7       0x34 ./Drivers/STM32L4xx_HAL_Driver/Src/stm32l4xx_hal_rcc_ex.o
 .ARM.attributes
                0x000003eb       0x34 ./Drivers/STM32L4xx_HAL_Driver/Src/stm32l4xx_hal_tim.o
 .ARM.attributes
                0x0000041f       0x34 ./Drivers/STM32L4xx_HAL_Driver/Src/stm32l4xx_hal_tim_ex.o
 .ARM.attributes
                0x00000453       0x34 ./Drivers/STM32L4xx_HAL_Driver/Src/stm32l4xx_hal_uart.o
 .ARM.attributes
                0x00000487       0x34 ./Middlewares/Third_Party/FreeRTOS/Source/CMSIS_RTOS_V2/cmsis_os2.o
 .ARM.attributes
                0x000004bb       0x34 ./Middlewares/Third_Party/FreeRTOS/Source/list.o
 .ARM.attributes
                0x000004ef       0x34 ./Middlewares/Third_Party/FreeRTOS/Source/queue.o
 .ARM.attributes
                0x00000523       0x34 ./Middlewares/Third_Party/FreeRTOS/Source/tasks.o
 .ARM.attributes
                0x00000557       0x34 ./Middlewares/Third_Party/FreeRTOS/Source/timers.o
 .ARM.attributes
                0x0000058b       0x34 ./Middlewares/Third_Party/FreeRTOS/Source/portable/GCC/ARM_CM4F/port.o
 .ARM.attributes
                0x000005bf       0x34 ./Middlewares/Third_Party/FreeRTOS/Source/portable/MemMang/heap_4.o
 .ARM.attributes
                0x000005f3       0x34 /home/davi/st/stm32cubeide_2.1.1/plugins/com.st.stm32cube.ide.mcu.externaltools.gnu-tools-for-stm32.14.3.rel1.linux64_1.0.100.202602081740/tools/bin/../lib/gcc/arm-none-eabi/14.3.1/../../../../arm-none-eabi/lib/thumb/v7e-m+fp/hard/libc_nano.a(libc_a-findfp.o)
 .ARM.attributes
                0x00000627       0x34 /home/davi/st/stm32cubeide_2.1.1/plugins/com.st.stm32cube.ide.mcu.externaltools.gnu-tools-for-stm32.14.3.rel1.linux64_1.0.100.202602081740/tools/bin/../lib/gcc/arm-none-eabi/14.3.1/../../../../arm-none-eabi/lib/thumb/v7e-m+fp/hard/libc_nano.a(libc_a-fwalk.o)
 .ARM.attributes
                0x0000065b       0x34 /home/davi/st/stm32cubeide_2.1.1/plugins/com.st.stm32cube.ide.mcu.externaltools.gnu-tools-for-stm32.14.3.rel1.linux64_1.0.100.202602081740/tools/bin/../lib/gcc/arm-none-eabi/14.3.1/../../../../arm-none-eabi/lib/thumb/v7e-m+fp/hard/libc_nano.a(libc_a-printf.o)
 .ARM.attributes
                0x0000068f       0x34 /home/davi/st/stm32cubeide_2.1.1/plugins/com.st.stm32cube.ide.mcu.externaltools.gnu-tools-for-stm32.14.3.rel1.linux64_1.0.100.202602081740/tools/bin/../lib/gcc/arm-none-eabi/14.3.1/../../../../arm-none-eabi/lib/thumb/v7e-m+fp/hard/libc_nano.a(libc_a-stdio.o)
 .ARM.attributes
                0x000006c3       0x34 /home/davi/st/stm32cubeide_2.1.1/plugins/com.st.stm32cube.ide.mcu.externaltools.gnu-tools-for-stm32.14.3.rel1.linux64_1.0.100.202602081740/tools/bin/../lib/gcc/arm-none-eabi/14.3.1/../../../../arm-none-eabi/lib/thumb/v7e-m+fp/hard/libc_nano.a(libc_a-memset.o)
 .ARM.attributes
                0x000006f7       0x34 /home/davi/st/stm32cubeide_2.1.1/plugins/com.st.stm32cube.ide.mcu.externaltools.gnu-tools-for-stm32.14.3.rel1.linux64_1.0.100.202602081740/tools/bin/../lib/gcc/arm-none-eabi/14.3.1/../../../../arm-none-eabi/lib/thumb/v7e-m+fp/hard/libc_nano.a(libc_a-closer.o)
 .ARM.attributes