13:48:04 **** Incremental Build of configuration Debug for project Teste01-SPI ****
make -j16 all 
arm-none-eabi-gcc "../Core/Src/main.c" -mcpu=cortex-m0 -std=gnu11 -g3 -DDEBUG -DUSE_HAL_DRIVER -DSTM32F072xB -c -I../Core/Inc -I../Drivers/STM32F0xx_HAL_Driver/Inc -I../Drivers/STM32F0xx_HAL_Driver/Inc/Legacy -I../Drivers/CMSIS/Device/ST/STM32F0xx/Include -I../Drivers/CMSIS/Include -O0 -ffunction-sections -fdata-sections -Wall -fstack-usage -fcyclomatic-complexity -MMD -MP -MF"Core/Src/main.d" -MT"Core/Src/main.o" --specs=nano.specs -mfloat-abi=soft -mthumb -o "Core/Src/main.o"
arm-none-eabi-g++ -o "Teste01-SPI.elf" @"objects.list"   -mcpu=cortex-m0 -T"C:\Users\jvmil\OneDrive\Documentos\USP\POLISAT\STM32\PoliCube\Milas testes\Testes SPI\Teste01-SPI\STM32F072RBTX_FLASH.ld" --specs=nosys.specs -Wl,-Map="Teste01-SPI.map" -Wl,--gc-sections -static --specs=nano.specs -mfloat-abi=soft -mthumb -Wl,--start-group -lc -lm -lstdc++ -lsupc++ -Wl,--end-group
Finished building target: Teste01-SPI.elf
 
arm-none-eabi-size  Teste01-SPI.elf 
arm-none-eabi-objdump -h -S Teste01-SPI.elf  > "Teste01-SPI.list"
   text	   data	    bss	    dec	    hex	filename
   5764	     12	   1668	   7444	   1d14	Teste01-SPI.elf
Finished building: default.size.stdout
 
Finished building: Teste01-SPI.list
 

13:48:04 Build Finished. 0 errors, 0 warnings. (took 588ms)

