../Core/Src/main.c:156:5:__io_putchar	1
../Core/Src/main.c:166:5:main	1
../Core/Src/main.c:286:6:SystemClock_Config	4
../Core/Src/main.c:331:13:MX_I2C1_Init	4
../Core/Src/main.c:379:13:MX_USART2_UART_Init	2
../Core/Src/main.c:414:13:MX_GPIO_Init	1
../Core/Src/main.c:431:6:initializeEverything	1
../Core/Src/main.c:446:6:StartMainTask	15
../Core/Src/main.c:515:6:StartHousekeepTask	1
../Core/Src/main.c:553:6:StartTransmitTask	1
../Core/Src/main.c:581:6:StartReceiveTask	1
../Core/Src/main.c:616:6:StartDeployTask	1
../Core/Src/main.c:639:6:StartDetumblingTask	1
../Core/Src/main.c:662:6:StartMissionTask	1
../Core/Src/main.c:679:6:vHkTickCallback	1
../Core/Src/main.c:687:6:vTcSlotCallback	1
../Core/Src/main.c:695:6:vTcSlotOffsetCallback	1
../Core/Src/main.c:710:6:HAL_TIM_PeriodElapsedCallback	2
../Core/Src/main.c:728:6:Error_Handler	1
