../Core/Src/main.c:156:5:__io_putchar	16	static
../Core/Src/main.c:166:5:main	8	static
../Core/Src/main.c:286:6:SystemClock_Config	96	static
../Core/Src/main.c:331:13:MX_I2C1_Init	8	static
../Core/Src/main.c:379:13:MX_USART2_UART_Init	8	static
../Core/Src/main.c:414:13:MX_GPIO_Init	16	static
../Core/Src/main.c:431:6:initializeEverything	96	static
../Core/Src/main.c:446:6:StartMainTask	40	static
../Core/Src/main.c:515:6:StartHousekeepTask	48	static
../Core/Src/main.c:553:6:StartTransmitTask	40	static
../Core/Src/main.c:581:6:StartReceiveTask	32	static
../Core/Src/main.c:616:6:StartDeployTask	32	static
../Core/Src/main.c:639:6:StartDetumblingTask	32	static
../Core/Src/main.c:662:6:StartMissionTask	32	static
../Core/Src/main.c:679:6:vHkTickCallback	16	static
../Core/Src/main.c:687:6:vTcSlotCallback	16	static
../Core/Src/main.c:695:6:vTcSlotOffsetCallback	16	static
../Core/Src/main.c:710:6:HAL_TIM_PeriodElapsedCallback	16	static
../Core/Src/main.c:728:6:Error_Handler	4	static,ignoring_inline_asm
