../Core/Src/main.c:141:5:__io_putchar	16	static
../Core/Src/main.c:151:5:main	8	static
../Core/Src/main.c:258:6:SystemClock_Config	96	static
../Core/Src/main.c:303:13:MX_USART2_UART_Init	8	static
../Core/Src/main.c:338:13:MX_GPIO_Init	16	static
../Core/Src/main.c:363:6:StartMainTask	32	static
../Core/Src/main.c:403:6:StartHousekeepTask	32	static
../Core/Src/main.c:428:6:StartTransmitTask	32	static
../Core/Src/main.c:453:6:StartReceiveTask	24	static
../Core/Src/main.c:475:6:vHkTickCallback	16	static
../Core/Src/main.c:483:6:vTcSlotCallback	16	static
../Core/Src/main.c:491:6:vTcSlotOffsetCallback	16	static
../Core/Src/main.c:506:6:HAL_TIM_PeriodElapsedCallback	16	static
../Core/Src/main.c:524:6:Error_Handler	4	static,ignoring_inline_asm
