../Core/Src/main.c:127:5:__io_putchar	16	static
../Core/Src/main.c:137:5:main	8	static
../Core/Src/main.c:247:6:SystemClock_Config	96	static
../Core/Src/main.c:292:13:MX_USART2_UART_Init	8	static
../Core/Src/main.c:327:13:MX_GPIO_Init	16	static
../Core/Src/main.c:352:6:StartMainTask	40	static
../Core/Src/main.c:393:6:StartHousekeepTask	32	static
../Core/Src/main.c:430:6:StartTransmitTask	40	static
../Core/Src/main.c:458:6:StartReceiveTask	32	static
../Core/Src/main.c:483:6:vHkTickCallback	16	static
../Core/Src/main.c:491:6:vTcSlotCallback	16	static
../Core/Src/main.c:499:6:vTcSlotOffsetCallback	16	static
../Core/Src/main.c:514:6:HAL_TIM_PeriodElapsedCallback	16	static
../Core/Src/main.c:532:6:Error_Handler	4	static,ignoring_inline_asm
