../Core/Src/main.c:127:5:__io_putchar	1
../Core/Src/main.c:137:5:main	1
../Core/Src/main.c:247:6:SystemClock_Config	4
../Core/Src/main.c:292:13:MX_USART2_UART_Init	2
../Core/Src/main.c:327:13:MX_GPIO_Init	1
../Core/Src/main.c:352:6:StartMainTask	5
../Core/Src/main.c:393:6:StartHousekeepTask	1
../Core/Src/main.c:430:6:StartTransmitTask	1
../Core/Src/main.c:458:6:StartReceiveTask	1
../Core/Src/main.c:483:6:vHkTickCallback	1
../Core/Src/main.c:491:6:vTcSlotCallback	1
../Core/Src/main.c:499:6:vTcSlotOffsetCallback	1
../Core/Src/main.c:514:6:HAL_TIM_PeriodElapsedCallback	2
../Core/Src/main.c:532:6:Error_Handler	1
