../Core/Src/main.c:135:5:main	1
../Core/Src/main.c:235:6:SystemClock_Config	4
../Core/Src/main.c:280:13:MX_USART2_UART_Init	2
../Core/Src/main.c:315:13:MX_GPIO_Init	1
../Core/Src/main.c:353:6:HAL_GPIO_EXTI_Callback	1
../Core/Src/main.c:359:6:_write	2
../Core/Src/main.c:384:6:StartDefaultTask	5
../Core/Src/main.c:425:6:StartLedLowFreqTask	1
../Core/Src/main.c:451:6:StartLedHighFreqTask	1
../Core/Src/main.c:471:6:LowFreqCallback	1
../Core/Src/main.c:479:6:HighFreqCallback	1
../Core/Src/main.c:494:6:HAL_TIM_PeriodElapsedCallback	2
../Core/Src/main.c:512:6:Error_Handler	1
