../Core/Src/main.c:135:5:main	8	static
../Core/Src/main.c:235:6:SystemClock_Config	96	static
../Core/Src/main.c:280:13:MX_USART2_UART_Init	8	static
../Core/Src/main.c:315:13:MX_GPIO_Init	40	static
../Core/Src/main.c:353:6:HAL_GPIO_EXTI_Callback	16	static
../Core/Src/main.c:359:6:_write	48	static
../Core/Src/main.c:384:6:StartDefaultTask	16	static
../Core/Src/main.c:425:6:StartLedLowFreqTask	16	static
../Core/Src/main.c:451:6:StartLedHighFreqTask	16	static
../Core/Src/main.c:471:6:LowFreqCallback	16	static
../Core/Src/main.c:479:6:HighFreqCallback	16	static
../Core/Src/main.c:494:6:HAL_TIM_PeriodElapsedCallback	16	static
../Core/Src/main.c:512:6:Error_Handler	4	static,ignoring_inline_asm
